// Jest Snapshot v1, https://goo.gl/fbAQLP

exports[`Discover no pools on host 1`] = `
Array [
  FableMap {
    "comparer": Comparer {
      "Compare": [Function],
    },
    "tree": MapTree {
      "data": undefined,
      "tag": 0,
    },
  },
  FableMap {
    "comparer": Comparer {
      "Compare": [Function],
    },
    "tree": MapTree {
      "data": undefined,
      "tag": 0,
    },
  },
]
`;

exports[`Server should receive empty tree in get response after patch with update 1`] = `"{}"`;

exports[`Server should receive empty tree in get response after post with heartbeat 1`] = `"{}"`;

exports[`Server should receive empty tree in get response after post with update but empty hostname 1`] = `"{}"`;

exports[`Server should receive empty tree in get response after post with update but no header entry 1`] = `"{}"`;

exports[`Server should receive empty tree in get response without prior update 1`] = `"{}"`;
