// Jest Snapshot v1, https://goo.gl/fbAQLP

exports[`stream event 1`] = `
Object {
  "blockDevices": Object {
    "/devices/pci0000:00/0000:00:0d.0/ata10/host9/target9:0:0/9:0:0:0/block/sdh": Object {
      "devName": "/dev/sdh",
      "devPath": "/devices/pci0000:00/0000:00:0d.0/ata10/host9/target9:0:0/9:0:0:0/block/sdh",
      "devType": "disk",
      "dmLvName": null,
      "dmMultipathDevicePath": null,
      "dmSlaveMms": Array [],
      "dmUuid": null,
      "dmVgName": null,
      "dmVgSize": null,
      "idFsType": null,
      "idFsUsage": null,
      "idModel": "VBOX_HARDDISK",
      "idPartEntryNumber": null,
      "idSerial": "VBOX_HARDDISK_081118FC1221NCJ6G807",
      "idVendor": null,
      "isReadOnly": false,
      "major": "8",
      "mdDevices": Array [],
      "mdUuid": null,
      "minor": "112",
      "paths": Array [
        "/dev/disk/by-id/ata-VBOX_HARDDISK_081118FC1221NCJ6G807",
        "/dev/disk/by-path/pci-0000:00:0d.0-ata-8.0",
        "/dev/sdh",
      ],
      "scsi80": "SATA     VBOX HARDDISK   081118FC1221NCJ6G807",
      "scsi83": "1ATA     VBOX HARDDISK                           081118FC1221NCJ6G807",
      "size": "204800",
    },
    "/devices/pci0000:00/0000:00:0d.0/ata11/host10/target10:0:0/10:0:0:0/block/sdi": Object {
      "devName": "/dev/sdi",
      "devPath": "/devices/pci0000:00/0000:00:0d.0/ata11/host10/target10:0:0/10:0:0:0/block/sdi",
      "devType": "disk",
      "dmLvName": null,
      "dmMultipathDevicePath": null,
      "dmSlaveMms": Array [],
      "dmUuid": null,
      "dmVgName": null,
      "dmVgSize": null,
      "idFsType": null,
      "idFsUsage": null,
      "idModel": "VBOX_HARDDISK",
      "idPartEntryNumber": null,
      "idSerial": "VBOX_HARDDISK_081118FC1221NCJ6G808",
      "idVendor": null,
      "isReadOnly": false,
      "major": "8",
      "mdDevices": Array [],
      "mdUuid": null,
      "minor": "128",
      "paths": Array [
        "/dev/disk/by-id/ata-VBOX_HARDDISK_081118FC1221NCJ6G808",
        "/dev/disk/by-path/pci-0000:00:0d.0-ata-9.0",
        "/dev/sdi",
      ],
      "scsi80": "SATA     VBOX HARDDISK   081118FC1221NCJ6G808",
      "scsi83": "1ATA     VBOX HARDDISK                           081118FC1221NCJ6G808",
      "size": "204800",
    },
    "/devices/pci0000:00/0000:00:0d.0/ata12/host11/target11:0:0/11:0:0:0/block/sdj": Object {
      "devName": "/dev/sdj",
      "devPath": "/devices/pci0000:00/0000:00:0d.0/ata12/host11/target11:0:0/11:0:0:0/block/sdj",
      "devType": "disk",
      "dmLvName": null,
      "dmMultipathDevicePath": null,
      "dmSlaveMms": Array [],
      "dmUuid": null,
      "dmVgName": null,
      "dmVgSize": null,
      "idFsType": null,
      "idFsUsage": null,
      "idModel": "VBOX_HARDDISK",
      "idPartEntryNumber": null,
      "idSerial": "VBOX_HARDDISK_081118FC1221NCJ6G809",
      "idVendor": null,
      "isReadOnly": false,
      "major": "8",
      "mdDevices": Array [],
      "mdUuid": null,
      "minor": "144",
      "paths": Array [
        "/dev/disk/by-id/ata-VBOX_HARDDISK_081118FC1221NCJ6G809",
        "/dev/disk/by-path/pci-0000:00:0d.0-ata-10.0",
        "/dev/sdj",
      ],
      "scsi80": "SATA     VBOX HARDDISK   081118FC1221NCJ6G809",
      "scsi83": "1ATA     VBOX HARDDISK                           081118FC1221NCJ6G809",
      "size": "204800",
    },
    "/devices/pci0000:00/0000:00:0d.0/ata13/host12/target12:0:0/12:0:0:0/block/sdk": Object {
      "devName": "/dev/sdk",
      "devPath": "/devices/pci0000:00/0000:00:0d.0/ata13/host12/target12:0:0/12:0:0:0/block/sdk",
      "devType": "disk",
      "dmLvName": null,
      "dmMultipathDevicePath": null,
      "dmSlaveMms": Array [],
      "dmUuid": null,
      "dmVgName": null,
      "dmVgSize": null,
      "idFsType": null,
      "idFsUsage": null,
      "idModel": "VBOX_HARDDISK",
      "idPartEntryNumber": null,
      "idSerial": "VBOX_HARDDISK_081118FC1221NCJ6G810",
      "idVendor": null,
      "isReadOnly": false,
      "major": "8",
      "mdDevices": Array [],
      "mdUuid": null,
      "minor": "160",
      "paths": Array [
        "/dev/disk/by-id/ata-VBOX_HARDDISK_081118FC1221NCJ6G810",
        "/dev/disk/by-path/pci-0000:00:0d.0-ata-11.0",
        "/dev/sdk",
      ],
      "scsi80": "SATA     VBOX HARDDISK   081118FC1221NCJ6G810",
      "scsi83": "1ATA     VBOX HARDDISK                           081118FC1221NCJ6G810",
      "size": "204800",
    },
    "/devices/pci0000:00/0000:00:0d.0/ata14/host13/target13:0:0/13:0:0:0/block/sdl": Object {
      "devName": "/dev/sdl",
      "devPath": "/devices/pci0000:00/0000:00:0d.0/ata14/host13/target13:0:0/13:0:0:0/block/sdl",
      "devType": "disk",
      "dmLvName": null,
      "dmMultipathDevicePath": null,
      "dmSlaveMms": Array [],
      "dmUuid": null,
      "dmVgName": null,
      "dmVgSize": null,
      "idFsType": null,
      "idFsUsage": null,
      "idModel": "VBOX_HARDDISK",
      "idPartEntryNumber": null,
      "idSerial": "VBOX_HARDDISK_081118FC1221NCJ6G811",
      "idVendor": null,
      "isReadOnly": false,
      "major": "8",
      "mdDevices": Array [],
      "mdUuid": null,
      "minor": "176",
      "paths": Array [
        "/dev/disk/by-id/ata-VBOX_HARDDISK_081118FC1221NCJ6G811",
        "/dev/disk/by-path/pci-0000:00:0d.0-ata-12.0",
        "/dev/sdl",
      ],
      "scsi80": "SATA     VBOX HARDDISK   081118FC1221NCJ6G811",
      "scsi83": "1ATA     VBOX HARDDISK                           081118FC1221NCJ6G811",
      "size": "204800",
    },
    "/devices/pci0000:00/0000:00:0d.0/ata15/host14/target14:0:0/14:0:0:0/block/sdm": Object {
      "devName": "/dev/sdm",
      "devPath": "/devices/pci0000:00/0000:00:0d.0/ata15/host14/target14:0:0/14:0:0:0/block/sdm",
      "devType": "disk",
      "dmLvName": null,
      "dmMultipathDevicePath": null,
      "dmSlaveMms": Array [],
      "dmUuid": null,
      "dmVgName": null,
      "dmVgSize": null,
      "idFsType": null,
      "idFsUsage": null,
      "idModel": "VBOX_HARDDISK",
      "idPartEntryNumber": null,
      "idSerial": "VBOX_HARDDISK_081118FC1221NCJ6G812",
      "idVendor": null,
      "isReadOnly": false,
      "major": "8",
      "mdDevices": Array [],
      "mdUuid": null,
      "minor": "192",
      "paths": Array [
        "/dev/disk/by-id/ata-VBOX_HARDDISK_081118FC1221NCJ6G812",
        "/dev/disk/by-path/pci-0000:00:0d.0-ata-13.0",
        "/dev/sdm",
      ],
      "scsi80": "SATA     VBOX HARDDISK   081118FC1221NCJ6G812",
      "scsi83": "1ATA     VBOX HARDDISK                           081118FC1221NCJ6G812",
      "size": "204800",
    },
    "/devices/pci0000:00/0000:00:0d.0/ata16/host15/target15:0:0/15:0:0:0/block/sdn": Object {
      "devName": "/dev/sdn",
      "devPath": "/devices/pci0000:00/0000:00:0d.0/ata16/host15/target15:0:0/15:0:0:0/block/sdn",
      "devType": "disk",
      "dmLvName": null,
      "dmMultipathDevicePath": null,
      "dmSlaveMms": Array [],
      "dmUuid": null,
      "dmVgName": null,
      "dmVgSize": null,
      "idFsType": null,
      "idFsUsage": null,
      "idModel": "VBOX_HARDDISK",
      "idPartEntryNumber": null,
      "idSerial": "VBOX_HARDDISK_081118FC1221NCJ6G813",
      "idVendor": null,
      "isReadOnly": false,
      "major": "8",
      "mdDevices": Array [],
      "mdUuid": null,
      "minor": "208",
      "paths": Array [
        "/dev/disk/by-id/ata-VBOX_HARDDISK_081118FC1221NCJ6G813",
        "/dev/disk/by-path/pci-0000:00:0d.0-ata-14.0",
        "/dev/sdn",
      ],
      "scsi80": "SATA     VBOX HARDDISK   081118FC1221NCJ6G813",
      "scsi83": "1ATA     VBOX HARDDISK                           081118FC1221NCJ6G813",
      "size": "204800",
    },
    "/devices/pci0000:00/0000:00:0d.0/ata17/host16/target16:0:0/16:0:0:0/block/sdo": Object {
      "devName": "/dev/sdo",
      "devPath": "/devices/pci0000:00/0000:00:0d.0/ata17/host16/target16:0:0/16:0:0:0/block/sdo",
      "devType": "disk",
      "dmLvName": null,
      "dmMultipathDevicePath": null,
      "dmSlaveMms": Array [],
      "dmUuid": null,
      "dmVgName": null,
      "dmVgSize": null,
      "idFsType": null,
      "idFsUsage": null,
      "idModel": "VBOX_HARDDISK",
      "idPartEntryNumber": null,
      "idSerial": "VBOX_HARDDISK_081118FC1221NCJ6G814",
      "idVendor": null,
      "isReadOnly": false,
      "major": "8",
      "mdDevices": Array [],
      "mdUuid": null,
      "minor": "224",
      "paths": Array [
        "/dev/disk/by-id/ata-VBOX_HARDDISK_081118FC1221NCJ6G814",
        "/dev/disk/by-path/pci-0000:00:0d.0-ata-15.0",
        "/dev/sdo",
      ],
      "scsi80": "SATA     VBOX HARDDISK   081118FC1221NCJ6G814",
      "scsi83": "1ATA     VBOX HARDDISK                           081118FC1221NCJ6G814",
      "size": "204800",
    },
    "/devices/pci0000:00/0000:00:0d.0/ata18/host17/target17:0:0/17:0:0:0/block/sdp": Object {
      "devName": "/dev/sdp",
      "devPath": "/devices/pci0000:00/0000:00:0d.0/ata18/host17/target17:0:0/17:0:0:0/block/sdp",
      "devType": "disk",
      "dmLvName": null,
      "dmMultipathDevicePath": null,
      "dmSlaveMms": Array [],
      "dmUuid": null,
      "dmVgName": null,
      "dmVgSize": null,
      "idFsType": null,
      "idFsUsage": null,
      "idModel": "VBOX_HARDDISK",
      "idPartEntryNumber": null,
      "idSerial": "VBOX_HARDDISK_081118FC1221NCJ6G815",
      "idVendor": null,
      "isReadOnly": false,
      "major": "8",
      "mdDevices": Array [],
      "mdUuid": null,
      "minor": "240",
      "paths": Array [
        "/dev/disk/by-id/ata-VBOX_HARDDISK_081118FC1221NCJ6G815",
        "/dev/disk/by-path/pci-0000:00:0d.0-ata-16.0",
        "/dev/sdp",
      ],
      "scsi80": "SATA     VBOX HARDDISK   081118FC1221NCJ6G815",
      "scsi83": "1ATA     VBOX HARDDISK                           081118FC1221NCJ6G815",
      "size": "204800",
    },
    "/devices/pci0000:00/0000:00:0d.0/ata19/host18/target18:0:0/18:0:0:0/block/sdq": Object {
      "devName": "/dev/sdq",
      "devPath": "/devices/pci0000:00/0000:00:0d.0/ata19/host18/target18:0:0/18:0:0:0/block/sdq",
      "devType": "disk",
      "dmLvName": null,
      "dmMultipathDevicePath": null,
      "dmSlaveMms": Array [],
      "dmUuid": null,
      "dmVgName": null,
      "dmVgSize": null,
      "idFsType": null,
      "idFsUsage": null,
      "idModel": "VBOX_HARDDISK",
      "idPartEntryNumber": null,
      "idSerial": "VBOX_HARDDISK_081118FC1221NCJ6G816",
      "idVendor": null,
      "isReadOnly": false,
      "major": "65",
      "mdDevices": Array [],
      "mdUuid": null,
      "minor": "0",
      "paths": Array [
        "/dev/disk/by-id/ata-VBOX_HARDDISK_081118FC1221NCJ6G816",
        "/dev/disk/by-path/pci-0000:00:0d.0-ata-17.0",
        "/dev/sdq",
      ],
      "scsi80": "SATA     VBOX HARDDISK   081118FC1221NCJ6G816",
      "scsi83": "1ATA     VBOX HARDDISK                           081118FC1221NCJ6G816",
      "size": "204800",
    },
    "/devices/pci0000:00/0000:00:0d.0/ata20/host19/target19:0:0/19:0:0:0/block/sdr": Object {
      "devName": "/dev/sdr",
      "devPath": "/devices/pci0000:00/0000:00:0d.0/ata20/host19/target19:0:0/19:0:0:0/block/sdr",
      "devType": "disk",
      "dmLvName": null,
      "dmMultipathDevicePath": null,
      "dmSlaveMms": Array [],
      "dmUuid": null,
      "dmVgName": null,
      "dmVgSize": null,
      "idFsType": null,
      "idFsUsage": null,
      "idModel": "VBOX_HARDDISK",
      "idPartEntryNumber": null,
      "idSerial": "VBOX_HARDDISK_081118FC1221NCJ6G817",
      "idVendor": null,
      "isReadOnly": false,
      "major": "65",
      "mdDevices": Array [],
      "mdUuid": null,
      "minor": "16",
      "paths": Array [
        "/dev/disk/by-id/ata-VBOX_HARDDISK_081118FC1221NCJ6G817",
        "/dev/disk/by-path/pci-0000:00:0d.0-ata-18.0",
        "/dev/sdr",
      ],
      "scsi80": "SATA     VBOX HARDDISK   081118FC1221NCJ6G817",
      "scsi83": "1ATA     VBOX HARDDISK                           081118FC1221NCJ6G817",
      "size": "204800",
    },
    "/devices/pci0000:00/0000:00:0d.0/ata21/host20/target20:0:0/20:0:0:0/block/sds": Object {
      "devName": "/dev/sds",
      "devPath": "/devices/pci0000:00/0000:00:0d.0/ata21/host20/target20:0:0/20:0:0:0/block/sds",
      "devType": "disk",
      "dmLvName": null,
      "dmMultipathDevicePath": null,
      "dmSlaveMms": Array [],
      "dmUuid": null,
      "dmVgName": null,
      "dmVgSize": null,
      "idFsType": null,
      "idFsUsage": null,
      "idModel": "VBOX_HARDDISK",
      "idPartEntryNumber": null,
      "idSerial": "VBOX_HARDDISK_081118FC1221NCJ6G818",
      "idVendor": null,
      "isReadOnly": false,
      "major": "65",
      "mdDevices": Array [],
      "mdUuid": null,
      "minor": "32",
      "paths": Array [
        "/dev/disk/by-id/ata-VBOX_HARDDISK_081118FC1221NCJ6G818",
        "/dev/disk/by-path/pci-0000:00:0d.0-ata-19.0",
        "/dev/sds",
      ],
      "scsi80": "SATA     VBOX HARDDISK   081118FC1221NCJ6G818",
      "scsi83": "1ATA     VBOX HARDDISK                           081118FC1221NCJ6G818",
      "size": "204800",
    },
    "/devices/pci0000:00/0000:00:0d.0/ata22/host21/target21:0:0/21:0:0:0/block/sdt": Object {
      "devName": "/dev/sdt",
      "devPath": "/devices/pci0000:00/0000:00:0d.0/ata22/host21/target21:0:0/21:0:0:0/block/sdt",
      "devType": "disk",
      "dmLvName": null,
      "dmMultipathDevicePath": null,
      "dmSlaveMms": Array [],
      "dmUuid": null,
      "dmVgName": null,
      "dmVgSize": null,
      "idFsType": null,
      "idFsUsage": null,
      "idModel": "VBOX_HARDDISK",
      "idPartEntryNumber": null,
      "idSerial": "VBOX_HARDDISK_081118FC1221NCJ6G819",
      "idVendor": null,
      "isReadOnly": false,
      "major": "65",
      "mdDevices": Array [],
      "mdUuid": null,
      "minor": "48",
      "paths": Array [
        "/dev/disk/by-id/ata-VBOX_HARDDISK_081118FC1221NCJ6G819",
        "/dev/disk/by-path/pci-0000:00:0d.0-ata-20.0",
        "/dev/sdt",
      ],
      "scsi80": "SATA     VBOX HARDDISK   081118FC1221NCJ6G819",
      "scsi83": "1ATA     VBOX HARDDISK                           081118FC1221NCJ6G819",
      "size": "204800",
    },
    "/devices/pci0000:00/0000:00:0d.0/ata23/host22/target22:0:0/22:0:0:0/block/sdu": Object {
      "devName": "/dev/sdu",
      "devPath": "/devices/pci0000:00/0000:00:0d.0/ata23/host22/target22:0:0/22:0:0:0/block/sdu",
      "devType": "disk",
      "dmLvName": null,
      "dmMultipathDevicePath": null,
      "dmSlaveMms": Array [],
      "dmUuid": null,
      "dmVgName": null,
      "dmVgSize": null,
      "idFsType": null,
      "idFsUsage": null,
      "idModel": "VBOX_HARDDISK",
      "idPartEntryNumber": null,
      "idSerial": "VBOX_HARDDISK_081118FC1221NCJ6G820",
      "idVendor": null,
      "isReadOnly": false,
      "major": "65",
      "mdDevices": Array [],
      "mdUuid": null,
      "minor": "64",
      "paths": Array [
        "/dev/disk/by-id/ata-VBOX_HARDDISK_081118FC1221NCJ6G820",
        "/dev/disk/by-path/pci-0000:00:0d.0-ata-21.0",
        "/dev/sdu",
      ],
      "scsi80": "SATA     VBOX HARDDISK   081118FC1221NCJ6G820",
      "scsi83": "1ATA     VBOX HARDDISK                           081118FC1221NCJ6G820",
      "size": "204800",
    },
    "/devices/pci0000:00/0000:00:0d.0/ata24/host23/target23:0:0/23:0:0:0/block/sdv": Object {
      "devName": "/dev/sdv",
      "devPath": "/devices/pci0000:00/0000:00:0d.0/ata24/host23/target23:0:0/23:0:0:0/block/sdv",
      "devType": "disk",
      "dmLvName": null,
      "dmMultipathDevicePath": null,
      "dmSlaveMms": Array [],
      "dmUuid": null,
      "dmVgName": null,
      "dmVgSize": null,
      "idFsType": null,
      "idFsUsage": null,
      "idModel": "VBOX_HARDDISK",
      "idPartEntryNumber": null,
      "idSerial": "VBOX_HARDDISK_081118FC1221NCJ6G821",
      "idVendor": null,
      "isReadOnly": false,
      "major": "65",
      "mdDevices": Array [],
      "mdUuid": null,
      "minor": "80",
      "paths": Array [
        "/dev/disk/by-id/ata-VBOX_HARDDISK_081118FC1221NCJ6G821",
        "/dev/disk/by-path/pci-0000:00:0d.0-ata-22.0",
        "/dev/sdv",
      ],
      "scsi80": "SATA     VBOX HARDDISK   081118FC1221NCJ6G821",
      "scsi83": "1ATA     VBOX HARDDISK                           081118FC1221NCJ6G821",
      "size": "204800",
    },
    "/devices/pci0000:00/0000:00:0d.0/ata25/host24/target24:0:0/24:0:0:0/block/sdw": Object {
      "devName": "/dev/sdw",
      "devPath": "/devices/pci0000:00/0000:00:0d.0/ata25/host24/target24:0:0/24:0:0:0/block/sdw",
      "devType": "disk",
      "dmLvName": null,
      "dmMultipathDevicePath": null,
      "dmSlaveMms": Array [],
      "dmUuid": null,
      "dmVgName": null,
      "dmVgSize": null,
      "idFsType": null,
      "idFsUsage": null,
      "idModel": "VBOX_HARDDISK",
      "idPartEntryNumber": null,
      "idSerial": "VBOX_HARDDISK_081118FC1221NCJ6G822",
      "idVendor": null,
      "isReadOnly": false,
      "major": "65",
      "mdDevices": Array [],
      "mdUuid": null,
      "minor": "96",
      "paths": Array [
        "/dev/disk/by-id/ata-VBOX_HARDDISK_081118FC1221NCJ6G822",
        "/dev/disk/by-path/pci-0000:00:0d.0-ata-23.0",
        "/dev/sdw",
      ],
      "scsi80": "SATA     VBOX HARDDISK   081118FC1221NCJ6G822",
      "scsi83": "1ATA     VBOX HARDDISK                           081118FC1221NCJ6G822",
      "size": "204800",
    },
    "/devices/pci0000:00/0000:00:0d.0/ata26/host25/target25:0:0/25:0:0:0/block/sdx": Object {
      "devName": "/dev/sdx",
      "devPath": "/devices/pci0000:00/0000:00:0d.0/ata26/host25/target25:0:0/25:0:0:0/block/sdx",
      "devType": "disk",
      "dmLvName": null,
      "dmMultipathDevicePath": null,
      "dmSlaveMms": Array [],
      "dmUuid": null,
      "dmVgName": null,
      "dmVgSize": null,
      "idFsType": null,
      "idFsUsage": null,
      "idModel": "VBOX_HARDDISK",
      "idPartEntryNumber": null,
      "idSerial": "VBOX_HARDDISK_081118FC1221NCJ6G823",
      "idVendor": null,
      "isReadOnly": false,
      "major": "65",
      "mdDevices": Array [],
      "mdUuid": null,
      "minor": "112",
      "paths": Array [
        "/dev/disk/by-id/ata-VBOX_HARDDISK_081118FC1221NCJ6G823",
        "/dev/disk/by-path/pci-0000:00:0d.0-ata-24.0",
        "/dev/sdx",
      ],
      "scsi80": "SATA     VBOX HARDDISK   081118FC1221NCJ6G823",
      "scsi83": "1ATA     VBOX HARDDISK                           081118FC1221NCJ6G823",
      "size": "204800",
    },
    "/devices/pci0000:00/0000:00:0d.0/ata27/host26/target26:0:0/26:0:0:0/block/sdy": Object {
      "devName": "/dev/sdy",
      "devPath": "/devices/pci0000:00/0000:00:0d.0/ata27/host26/target26:0:0/26:0:0:0/block/sdy",
      "devType": "disk",
      "dmLvName": null,
      "dmMultipathDevicePath": null,
      "dmSlaveMms": Array [],
      "dmUuid": null,
      "dmVgName": null,
      "dmVgSize": null,
      "idFsType": null,
      "idFsUsage": null,
      "idModel": "VBOX_HARDDISK",
      "idPartEntryNumber": null,
      "idSerial": "VBOX_HARDDISK_081118FC1221NCJ6G824",
      "idVendor": null,
      "isReadOnly": false,
      "major": "65",
      "mdDevices": Array [],
      "mdUuid": null,
      "minor": "128",
      "paths": Array [
        "/dev/disk/by-id/ata-VBOX_HARDDISK_081118FC1221NCJ6G824",
        "/dev/disk/by-path/pci-0000:00:0d.0-ata-25.0",
        "/dev/sdy",
      ],
      "scsi80": "SATA     VBOX HARDDISK   081118FC1221NCJ6G824",
      "scsi83": "1ATA     VBOX HARDDISK                           081118FC1221NCJ6G824",
      "size": "204800",
    },
    "/devices/pci0000:00/0000:00:0d.0/ata28/host27/target27:0:0/27:0:0:0/block/sdz": Object {
      "devName": "/dev/sdz",
      "devPath": "/devices/pci0000:00/0000:00:0d.0/ata28/host27/target27:0:0/27:0:0:0/block/sdz",
      "devType": "disk",
      "dmLvName": null,
      "dmMultipathDevicePath": null,
      "dmSlaveMms": Array [],
      "dmUuid": null,
      "dmVgName": null,
      "dmVgSize": null,
      "idFsType": null,
      "idFsUsage": null,
      "idModel": "VBOX_HARDDISK",
      "idPartEntryNumber": null,
      "idSerial": "VBOX_HARDDISK_081118FC1221NCJ6G825",
      "idVendor": null,
      "isReadOnly": false,
      "major": "65",
      "mdDevices": Array [],
      "mdUuid": null,
      "minor": "144",
      "paths": Array [
        "/dev/disk/by-id/ata-VBOX_HARDDISK_081118FC1221NCJ6G825",
        "/dev/disk/by-path/pci-0000:00:0d.0-ata-26.0",
        "/dev/sdz",
      ],
      "scsi80": "SATA     VBOX HARDDISK   081118FC1221NCJ6G825",
      "scsi83": "1ATA     VBOX HARDDISK                           081118FC1221NCJ6G825",
      "size": "204800",
    },
    "/devices/pci0000:00/0000:00:0d.0/ata29/host28/target28:0:0/28:0:0:0/block/sdaa": Object {
      "devName": "/dev/sdaa",
      "devPath": "/devices/pci0000:00/0000:00:0d.0/ata29/host28/target28:0:0/28:0:0:0/block/sdaa",
      "devType": "disk",
      "dmLvName": null,
      "dmMultipathDevicePath": null,
      "dmSlaveMms": Array [],
      "dmUuid": null,
      "dmVgName": null,
      "dmVgSize": null,
      "idFsType": null,
      "idFsUsage": null,
      "idModel": "VBOX_HARDDISK",
      "idPartEntryNumber": null,
      "idSerial": "VBOX_HARDDISK_081118FC1221NCJ6G826",
      "idVendor": null,
      "isReadOnly": false,
      "major": "65",
      "mdDevices": Array [],
      "mdUuid": null,
      "minor": "160",
      "paths": Array [
        "/dev/disk/by-id/ata-VBOX_HARDDISK_081118FC1221NCJ6G826",
        "/dev/disk/by-path/pci-0000:00:0d.0-ata-27.0",
        "/dev/sdaa",
      ],
      "scsi80": "SATA     VBOX HARDDISK   081118FC1221NCJ6G826",
      "scsi83": "1ATA     VBOX HARDDISK                           081118FC1221NCJ6G826",
      "size": "204800",
    },
    "/devices/pci0000:00/0000:00:0d.0/ata3/host2/target2:0:0/2:0:0:0/block/sda": Object {
      "devName": "/dev/sda",
      "devPath": "/devices/pci0000:00/0000:00:0d.0/ata3/host2/target2:0:0/2:0:0:0/block/sda",
      "devType": "disk",
      "dmLvName": null,
      "dmMultipathDevicePath": null,
      "dmSlaveMms": Array [],
      "dmUuid": null,
      "dmVgName": null,
      "dmVgSize": null,
      "idFsType": null,
      "idFsUsage": null,
      "idModel": "VBOX_HARDDISK",
      "idPartEntryNumber": null,
      "idSerial": "VBOX_HARDDISK_081118FC1221NCJ6G801",
      "idVendor": null,
      "isReadOnly": false,
      "major": "8",
      "mdDevices": Array [],
      "mdUuid": null,
      "minor": "0",
      "paths": Array [
        "/dev/disk/by-id/ata-VBOX_HARDDISK_081118FC1221NCJ6G801",
        "/dev/disk/by-path/pci-0000:00:0d.0-ata-1.0",
        "/dev/sda",
      ],
      "scsi80": "SATA     VBOX HARDDISK   081118FC1221NCJ6G801",
      "scsi83": "1ATA     VBOX HARDDISK                           081118FC1221NCJ6G801",
      "size": "81920000",
    },
    "/devices/pci0000:00/0000:00:0d.0/ata3/host2/target2:0:0/2:0:0:0/block/sda/sda1": Object {
      "devName": "/dev/sda1",
      "devPath": "/devices/pci0000:00/0000:00:0d.0/ata3/host2/target2:0:0/2:0:0:0/block/sda/sda1",
      "devType": "partition",
      "dmLvName": null,
      "dmMultipathDevicePath": null,
      "dmSlaveMms": Array [],
      "dmUuid": null,
      "dmVgName": null,
      "dmVgSize": null,
      "idFsType": "xfs",
      "idFsUsage": "filesystem",
      "idModel": "VBOX_HARDDISK",
      "idPartEntryNumber": 1,
      "idSerial": "VBOX_HARDDISK_081118FC1221NCJ6G801",
      "idVendor": null,
      "isReadOnly": false,
      "major": "8",
      "mdDevices": Array [],
      "mdUuid": null,
      "minor": "1",
      "paths": Array [
        "/dev/disk/by-id/ata-VBOX_HARDDISK_081118FC1221NCJ6G801-part1",
        "/dev/disk/by-path/pci-0000:00:0d.0-ata-1.0-part1",
        "/dev/disk/by-uuid/e3131d27-2c31-4594-bf0c-bcd6f9a0c985",
        "/dev/sda1",
      ],
      "scsi80": "SATA     VBOX HARDDISK   081118FC1221NCJ6G801",
      "scsi83": "1ATA     VBOX HARDDISK                           081118FC1221NCJ6G801",
      "size": "2097152",
    },
    "/devices/pci0000:00/0000:00:0d.0/ata3/host2/target2:0:0/2:0:0:0/block/sda/sda2": Object {
      "devName": "/dev/sda2",
      "devPath": "/devices/pci0000:00/0000:00:0d.0/ata3/host2/target2:0:0/2:0:0:0/block/sda/sda2",
      "devType": "partition",
      "dmLvName": null,
      "dmMultipathDevicePath": null,
      "dmSlaveMms": Array [],
      "dmUuid": null,
      "dmVgName": null,
      "dmVgSize": null,
      "idFsType": "LVM2_member",
      "idFsUsage": "raid",
      "idModel": "VBOX_HARDDISK",
      "idPartEntryNumber": 2,
      "idSerial": "VBOX_HARDDISK_081118FC1221NCJ6G801",
      "idVendor": null,
      "isReadOnly": false,
      "major": "8",
      "mdDevices": Array [],
      "mdUuid": null,
      "minor": "2",
      "paths": Array [
        "/dev/disk/by-id/ata-VBOX_HARDDISK_081118FC1221NCJ6G801-part2",
        "/dev/disk/by-id/lvm-pv-uuid-3kzU9f-LipM-TJo5-zrd1-iNuL-nBHH-WGSlGv",
        "/dev/disk/by-path/pci-0000:00:0d.0-ata-1.0-part2",
        "/dev/sda2",
      ],
      "scsi80": "SATA     VBOX HARDDISK   081118FC1221NCJ6G801",
      "scsi83": "1ATA     VBOX HARDDISK                           081118FC1221NCJ6G801",
      "size": "79820800",
    },
    "/devices/pci0000:00/0000:00:0d.0/ata30/host29/target29:0:0/29:0:0:0/block/sdab": Object {
      "devName": "/dev/sdab",
      "devPath": "/devices/pci0000:00/0000:00:0d.0/ata30/host29/target29:0:0/29:0:0:0/block/sdab",
      "devType": "disk",
      "dmLvName": null,
      "dmMultipathDevicePath": null,
      "dmSlaveMms": Array [],
      "dmUuid": null,
      "dmVgName": null,
      "dmVgSize": null,
      "idFsType": null,
      "idFsUsage": null,
      "idModel": "VBOX_HARDDISK",
      "idPartEntryNumber": null,
      "idSerial": "VBOX_HARDDISK_081118FC1221NCJ6G827",
      "idVendor": null,
      "isReadOnly": false,
      "major": "65",
      "mdDevices": Array [],
      "mdUuid": null,
      "minor": "176",
      "paths": Array [
        "/dev/disk/by-id/ata-VBOX_HARDDISK_081118FC1221NCJ6G827",
        "/dev/disk/by-path/pci-0000:00:0d.0-ata-28.0",
        "/dev/sdab",
      ],
      "scsi80": "SATA     VBOX HARDDISK   081118FC1221NCJ6G827",
      "scsi83": "1ATA     VBOX HARDDISK                           081118FC1221NCJ6G827",
      "size": "204800",
    },
    "/devices/pci0000:00/0000:00:0d.0/ata31/host30/target30:0:0/30:0:0:0/block/sdac": Object {
      "devName": "/dev/sdac",
      "devPath": "/devices/pci0000:00/0000:00:0d.0/ata31/host30/target30:0:0/30:0:0:0/block/sdac",
      "devType": "disk",
      "dmLvName": null,
      "dmMultipathDevicePath": null,
      "dmSlaveMms": Array [],
      "dmUuid": null,
      "dmVgName": null,
      "dmVgSize": null,
      "idFsType": null,
      "idFsUsage": null,
      "idModel": "VBOX_HARDDISK",
      "idPartEntryNumber": null,
      "idSerial": "VBOX_HARDDISK_081118FC1221NCJ6G828",
      "idVendor": null,
      "isReadOnly": false,
      "major": "65",
      "mdDevices": Array [],
      "mdUuid": null,
      "minor": "192",
      "paths": Array [
        "/dev/disk/by-id/ata-VBOX_HARDDISK_081118FC1221NCJ6G828",
        "/dev/disk/by-path/pci-0000:00:0d.0-ata-29.0",
        "/dev/sdac",
      ],
      "scsi80": "SATA     VBOX HARDDISK   081118FC1221NCJ6G828",
      "scsi83": "1ATA     VBOX HARDDISK                           081118FC1221NCJ6G828",
      "size": "204800",
    },
    "/devices/pci0000:00/0000:00:0d.0/ata32/host31/target31:0:0/31:0:0:0/block/sdad": Object {
      "devName": "/dev/sdad",
      "devPath": "/devices/pci0000:00/0000:00:0d.0/ata32/host31/target31:0:0/31:0:0:0/block/sdad",
      "devType": "disk",
      "dmLvName": null,
      "dmMultipathDevicePath": null,
      "dmSlaveMms": Array [],
      "dmUuid": null,
      "dmVgName": null,
      "dmVgSize": null,
      "idFsType": null,
      "idFsUsage": null,
      "idModel": "VBOX_HARDDISK",
      "idPartEntryNumber": null,
      "idSerial": "VBOX_HARDDISK_081118FC1221NCJ6G829",
      "idVendor": null,
      "isReadOnly": false,
      "major": "65",
      "mdDevices": Array [],
      "mdUuid": null,
      "minor": "208",
      "paths": Array [
        "/dev/disk/by-id/ata-VBOX_HARDDISK_081118FC1221NCJ6G829",
        "/dev/disk/by-path/pci-0000:00:0d.0-ata-30.0",
        "/dev/sdad",
      ],
      "scsi80": "SATA     VBOX HARDDISK   081118FC1221NCJ6G829",
      "scsi83": "1ATA     VBOX HARDDISK                           081118FC1221NCJ6G829",
      "size": "204800",
    },
    "/devices/pci0000:00/0000:00:0d.0/ata4/host3/target3:0:0/3:0:0:0/block/sdb": Object {
      "devName": "/dev/sdb",
      "devPath": "/devices/pci0000:00/0000:00:0d.0/ata4/host3/target3:0:0/3:0:0:0/block/sdb",
      "devType": "disk",
      "dmLvName": null,
      "dmMultipathDevicePath": null,
      "dmSlaveMms": Array [],
      "dmUuid": null,
      "dmVgName": null,
      "dmVgSize": null,
      "idFsType": null,
      "idFsUsage": null,
      "idModel": "VBOX_HARDDISK",
      "idPartEntryNumber": null,
      "idSerial": "VBOX_HARDDISK_081118FC1221NCJ6G830",
      "idVendor": null,
      "isReadOnly": false,
      "major": "8",
      "mdDevices": Array [],
      "mdUuid": null,
      "minor": "16",
      "paths": Array [
        "/dev/disk/by-id/ata-VBOX_HARDDISK_081118FC1221NCJ6G830",
        "/dev/disk/by-path/pci-0000:00:0d.0-ata-2.0",
        "/dev/sdb",
      ],
      "scsi80": "SATA     VBOX HARDDISK   081118FC1221NCJ6G830",
      "scsi83": "1ATA     VBOX HARDDISK                           081118FC1221NCJ6G830",
      "size": "1048576000",
    },
    "/devices/pci0000:00/0000:00:0d.0/ata5/host4/target4:0:0/4:0:0:0/block/sdc": Object {
      "devName": "/dev/sdc",
      "devPath": "/devices/pci0000:00/0000:00:0d.0/ata5/host4/target4:0:0/4:0:0:0/block/sdc",
      "devType": "disk",
      "dmLvName": null,
      "dmMultipathDevicePath": null,
      "dmSlaveMms": Array [],
      "dmUuid": null,
      "dmVgName": null,
      "dmVgSize": null,
      "idFsType": null,
      "idFsUsage": null,
      "idModel": "VBOX_HARDDISK",
      "idPartEntryNumber": null,
      "idSerial": "VBOX_HARDDISK_081118FC1221NCJ6G802",
      "idVendor": null,
      "isReadOnly": false,
      "major": "8",
      "mdDevices": Array [],
      "mdUuid": null,
      "minor": "32",
      "paths": Array [
        "/dev/disk/by-id/ata-VBOX_HARDDISK_081118FC1221NCJ6G802",
        "/dev/disk/by-path/pci-0000:00:0d.0-ata-3.0",
        "/dev/sdc",
      ],
      "scsi80": "SATA     VBOX HARDDISK   081118FC1221NCJ6G802",
      "scsi83": "1ATA     VBOX HARDDISK                           081118FC1221NCJ6G802",
      "size": "204800",
    },
    "/devices/pci0000:00/0000:00:0d.0/ata6/host5/target5:0:0/5:0:0:0/block/sdd": Object {
      "devName": "/dev/sdd",
      "devPath": "/devices/pci0000:00/0000:00:0d.0/ata6/host5/target5:0:0/5:0:0:0/block/sdd",
      "devType": "disk",
      "dmLvName": null,
      "dmMultipathDevicePath": null,
      "dmSlaveMms": Array [],
      "dmUuid": null,
      "dmVgName": null,
      "dmVgSize": null,
      "idFsType": null,
      "idFsUsage": null,
      "idModel": "VBOX_HARDDISK",
      "idPartEntryNumber": null,
      "idSerial": "VBOX_HARDDISK_081118FC1221NCJ6G803",
      "idVendor": null,
      "isReadOnly": false,
      "major": "8",
      "mdDevices": Array [],
      "mdUuid": null,
      "minor": "48",
      "paths": Array [
        "/dev/disk/by-id/ata-VBOX_HARDDISK_081118FC1221NCJ6G803",
        "/dev/disk/by-path/pci-0000:00:0d.0-ata-4.0",
        "/dev/sdd",
      ],
      "scsi80": "SATA     VBOX HARDDISK   081118FC1221NCJ6G803",
      "scsi83": "1ATA     VBOX HARDDISK                           081118FC1221NCJ6G803",
      "size": "204800",
    },
    "/devices/pci0000:00/0000:00:0d.0/ata7/host6/target6:0:0/6:0:0:0/block/sde": Object {
      "devName": "/dev/sde",
      "devPath": "/devices/pci0000:00/0000:00:0d.0/ata7/host6/target6:0:0/6:0:0:0/block/sde",
      "devType": "disk",
      "dmLvName": null,
      "dmMultipathDevicePath": null,
      "dmSlaveMms": Array [],
      "dmUuid": null,
      "dmVgName": null,
      "dmVgSize": null,
      "idFsType": null,
      "idFsUsage": null,
      "idModel": "VBOX_HARDDISK",
      "idPartEntryNumber": null,
      "idSerial": "VBOX_HARDDISK_081118FC1221NCJ6G804",
      "idVendor": null,
      "isReadOnly": false,
      "major": "8",
      "mdDevices": Array [],
      "mdUuid": null,
      "minor": "64",
      "paths": Array [
        "/dev/disk/by-id/ata-VBOX_HARDDISK_081118FC1221NCJ6G804",
        "/dev/disk/by-path/pci-0000:00:0d.0-ata-5.0",
        "/dev/sde",
      ],
      "scsi80": "SATA     VBOX HARDDISK   081118FC1221NCJ6G804",
      "scsi83": "1ATA     VBOX HARDDISK                           081118FC1221NCJ6G804",
      "size": "204800",
    },
    "/devices/pci0000:00/0000:00:0d.0/ata8/host7/target7:0:0/7:0:0:0/block/sdf": Object {
      "devName": "/dev/sdf",
      "devPath": "/devices/pci0000:00/0000:00:0d.0/ata8/host7/target7:0:0/7:0:0:0/block/sdf",
      "devType": "disk",
      "dmLvName": null,
      "dmMultipathDevicePath": null,
      "dmSlaveMms": Array [],
      "dmUuid": null,
      "dmVgName": null,
      "dmVgSize": null,
      "idFsType": null,
      "idFsUsage": null,
      "idModel": "VBOX_HARDDISK",
      "idPartEntryNumber": null,
      "idSerial": "VBOX_HARDDISK_081118FC1221NCJ6G805",
      "idVendor": null,
      "isReadOnly": false,
      "major": "8",
      "mdDevices": Array [],
      "mdUuid": null,
      "minor": "80",
      "paths": Array [
        "/dev/disk/by-id/ata-VBOX_HARDDISK_081118FC1221NCJ6G805",
        "/dev/disk/by-path/pci-0000:00:0d.0-ata-6.0",
        "/dev/sdf",
      ],
      "scsi80": "SATA     VBOX HARDDISK   081118FC1221NCJ6G805",
      "scsi83": "1ATA     VBOX HARDDISK                           081118FC1221NCJ6G805",
      "size": "204800",
    },
    "/devices/pci0000:00/0000:00:0d.0/ata9/host8/target8:0:0/8:0:0:0/block/sdg": Object {
      "devName": "/dev/sdg",
      "devPath": "/devices/pci0000:00/0000:00:0d.0/ata9/host8/target8:0:0/8:0:0:0/block/sdg",
      "devType": "disk",
      "dmLvName": null,
      "dmMultipathDevicePath": null,
      "dmSlaveMms": Array [],
      "dmUuid": null,
      "dmVgName": null,
      "dmVgSize": null,
      "idFsType": null,
      "idFsUsage": null,
      "idModel": "VBOX_HARDDISK",
      "idPartEntryNumber": null,
      "idSerial": "VBOX_HARDDISK_081118FC1221NCJ6G806",
      "idVendor": null,
      "isReadOnly": false,
      "major": "8",
      "mdDevices": Array [],
      "mdUuid": null,
      "minor": "96",
      "paths": Array [
        "/dev/disk/by-id/ata-VBOX_HARDDISK_081118FC1221NCJ6G806",
        "/dev/disk/by-path/pci-0000:00:0d.0-ata-7.0",
        "/dev/sdg",
      ],
      "scsi80": "SATA     VBOX HARDDISK   081118FC1221NCJ6G806",
      "scsi83": "1ATA     VBOX HARDDISK                           081118FC1221NCJ6G806",
      "size": "204800",
    },
    "/devices/virtual/block/dm-0": Object {
      "devName": "/dev/dm-0",
      "devPath": "/devices/virtual/block/dm-0",
      "devType": "disk",
      "dmLvName": "root",
      "dmMultipathDevicePath": null,
      "dmSlaveMms": Array [
        "8:2",
      ],
      "dmUuid": "LVM-jQnkXE3kiGdAhzhslCt2nmLZEO3Bq2Y51rSXU4VOZw0j4JVVgO8S9fjAhI88Feof",
      "dmVgName": "centos",
      "dmVgSize": "40865103872B",
      "idFsType": "xfs",
      "idFsUsage": "filesystem",
      "idModel": null,
      "idPartEntryNumber": null,
      "idSerial": null,
      "idVendor": null,
      "isReadOnly": false,
      "major": "253",
      "mdDevices": Array [],
      "mdUuid": null,
      "minor": "0",
      "paths": Array [
        "/dev/centos/root",
        "/dev/disk/by-id/dm-name-centos-root",
        "/dev/disk/by-id/dm-uuid-LVM-jQnkXE3kiGdAhzhslCt2nmLZEO3Bq2Y51rSXU4VOZw0j4JVVgO8S9fjAhI88Feof",
        "/dev/disk/by-uuid/f4a999c3-a6d2-46f3-969a-594341c77969",
        "/dev/mapper/centos-root",
        "/dev/dm-0",
      ],
      "scsi80": "SATA     VBOX HARDDISK   081118FC1221NCJ6G801",
      "scsi83": "1ATA     VBOX HARDDISK                           081118FC1221NCJ6G801",
      "size": "77709312",
    },
    "/devices/virtual/block/dm-1": Object {
      "devName": "/dev/dm-1",
      "devPath": "/devices/virtual/block/dm-1",
      "devType": "disk",
      "dmLvName": "swap",
      "dmMultipathDevicePath": null,
      "dmSlaveMms": Array [
        "8:2",
      ],
      "dmUuid": "LVM-jQnkXE3kiGdAhzhslCt2nmLZEO3Bq2Y5RneBEC5y8iJpLzpOyt1GsL6eva0iPk3f",
      "dmVgName": "centos",
      "dmVgSize": "40865103872B",
      "idFsType": "swap",
      "idFsUsage": "other",
      "idModel": null,
      "idPartEntryNumber": null,
      "idSerial": null,
      "idVendor": null,
      "isReadOnly": false,
      "major": "253",
      "mdDevices": Array [],
      "mdUuid": null,
      "minor": "1",
      "paths": Array [
        "/dev/centos/swap",
        "/dev/disk/by-id/dm-name-centos-swap",
        "/dev/disk/by-id/dm-uuid-LVM-jQnkXE3kiGdAhzhslCt2nmLZEO3Bq2Y5RneBEC5y8iJpLzpOyt1GsL6eva0iPk3f",
        "/dev/disk/by-uuid/bca6f9aa-e686-4073-a38a-0a18cd769cb9",
        "/dev/mapper/centos-swap",
        "/dev/dm-1",
      ],
      "scsi80": "SATA     VBOX HARDDISK   081118FC1221NCJ6G801",
      "scsi83": "1ATA     VBOX HARDDISK                           081118FC1221NCJ6G801",
      "size": "2097152",
    },
  },
  "zed": Object {},
}
`;
