// Jest Snapshot v1, https://goo.gl/fbAQLP

exports[`stream event 1`] = `
"{
  \\"/devices/pci0000:00/0000:00:0d.0/ata10/host9/target9:0:0/9:0:0:0/block/sdh\\": {
    \\"major\\": \\"8\\",
    \\"minor\\": \\"112\\",
    \\"paths\\": [
      \\"/dev/disk/by-id/ata-VBOX_HARDDISK_081118FC1221NCJ6G807\\",
      \\"/dev/disk/by-path/pci-0000:00:0d.0-ata-8.0\\",
      \\"/dev/sdh\\"
    ],
    \\"devName\\": \\"/dev/sdh\\",
    \\"devPath\\": \\"/devices/pci0000:00/0000:00:0d.0/ata10/host9/target9:0:0/9:0:0:0/block/sdh\\",
    \\"devType\\": \\"disk\\",
    \\"idVendor\\": null,
    \\"idModel\\": \\"VBOX_HARDDISK\\",
    \\"idSerial\\": \\"VBOX_HARDDISK_081118FC1221NCJ6G807\\",
    \\"idFsType\\": null,
    \\"idFsUsage\\": null,
    \\"idPartEntryNumber\\": null,
    \\"size\\": \\"204800\\",
    \\"scsi80\\": \\"SATA     VBOX HARDDISK   081118FC1221NCJ6G807\\",
    \\"scsi83\\": \\"1ATA     VBOX HARDDISK                           081118FC1221NCJ6G807\\",
    \\"isReadOnly\\": false,
    \\"dmSlaveMms\\": [],
    \\"dmVgSize\\": null,
    \\"mdDevices\\": [],
    \\"dmMultipathDevicePath\\": null,
    \\"dmLvName\\": null,
    \\"dmVgName\\": null,
    \\"dmUuid\\": null,
    \\"mdUuid\\": null
  },
  \\"/devices/pci0000:00/0000:00:0d.0/ata11/host10/target10:0:0/10:0:0:0/block/sdi\\": {
    \\"major\\": \\"8\\",
    \\"minor\\": \\"128\\",
    \\"paths\\": [
      \\"/dev/disk/by-id/ata-VBOX_HARDDISK_081118FC1221NCJ6G808\\",
      \\"/dev/disk/by-path/pci-0000:00:0d.0-ata-9.0\\",
      \\"/dev/sdi\\"
    ],
    \\"devName\\": \\"/dev/sdi\\",
    \\"devPath\\": \\"/devices/pci0000:00/0000:00:0d.0/ata11/host10/target10:0:0/10:0:0:0/block/sdi\\",
    \\"devType\\": \\"disk\\",
    \\"idVendor\\": null,
    \\"idModel\\": \\"VBOX_HARDDISK\\",
    \\"idSerial\\": \\"VBOX_HARDDISK_081118FC1221NCJ6G808\\",
    \\"idFsType\\": null,
    \\"idFsUsage\\": null,
    \\"idPartEntryNumber\\": null,
    \\"size\\": \\"204800\\",
    \\"scsi80\\": \\"SATA     VBOX HARDDISK   081118FC1221NCJ6G808\\",
    \\"scsi83\\": \\"1ATA     VBOX HARDDISK                           081118FC1221NCJ6G808\\",
    \\"isReadOnly\\": false,
    \\"dmSlaveMms\\": [],
    \\"dmVgSize\\": null,
    \\"mdDevices\\": [],
    \\"dmMultipathDevicePath\\": null,
    \\"dmLvName\\": null,
    \\"dmVgName\\": null,
    \\"dmUuid\\": null,
    \\"mdUuid\\": null
  },
  \\"/devices/pci0000:00/0000:00:0d.0/ata12/host11/target11:0:0/11:0:0:0/block/sdj\\": {
    \\"major\\": \\"8\\",
    \\"minor\\": \\"144\\",
    \\"paths\\": [
      \\"/dev/disk/by-id/ata-VBOX_HARDDISK_081118FC1221NCJ6G809\\",
      \\"/dev/disk/by-path/pci-0000:00:0d.0-ata-10.0\\",
      \\"/dev/sdj\\"
    ],
    \\"devName\\": \\"/dev/sdj\\",
    \\"devPath\\": \\"/devices/pci0000:00/0000:00:0d.0/ata12/host11/target11:0:0/11:0:0:0/block/sdj\\",
    \\"devType\\": \\"disk\\",
    \\"idVendor\\": null,
    \\"idModel\\": \\"VBOX_HARDDISK\\",
    \\"idSerial\\": \\"VBOX_HARDDISK_081118FC1221NCJ6G809\\",
    \\"idFsType\\": null,
    \\"idFsUsage\\": null,
    \\"idPartEntryNumber\\": null,
    \\"size\\": \\"204800\\",
    \\"scsi80\\": \\"SATA     VBOX HARDDISK   081118FC1221NCJ6G809\\",
    \\"scsi83\\": \\"1ATA     VBOX HARDDISK                           081118FC1221NCJ6G809\\",
    \\"isReadOnly\\": false,
    \\"dmSlaveMms\\": [],
    \\"dmVgSize\\": null,
    \\"mdDevices\\": [],
    \\"dmMultipathDevicePath\\": null,
    \\"dmLvName\\": null,
    \\"dmVgName\\": null,
    \\"dmUuid\\": null,
    \\"mdUuid\\": null
  },
  \\"/devices/pci0000:00/0000:00:0d.0/ata13/host12/target12:0:0/12:0:0:0/block/sdk\\": {
    \\"major\\": \\"8\\",
    \\"minor\\": \\"160\\",
    \\"paths\\": [
      \\"/dev/disk/by-id/ata-VBOX_HARDDISK_081118FC1221NCJ6G810\\",
      \\"/dev/disk/by-path/pci-0000:00:0d.0-ata-11.0\\",
      \\"/dev/sdk\\"
    ],
    \\"devName\\": \\"/dev/sdk\\",
    \\"devPath\\": \\"/devices/pci0000:00/0000:00:0d.0/ata13/host12/target12:0:0/12:0:0:0/block/sdk\\",
    \\"devType\\": \\"disk\\",
    \\"idVendor\\": null,
    \\"idModel\\": \\"VBOX_HARDDISK\\",
    \\"idSerial\\": \\"VBOX_HARDDISK_081118FC1221NCJ6G810\\",
    \\"idFsType\\": null,
    \\"idFsUsage\\": null,
    \\"idPartEntryNumber\\": null,
    \\"size\\": \\"204800\\",
    \\"scsi80\\": \\"SATA     VBOX HARDDISK   081118FC1221NCJ6G810\\",
    \\"scsi83\\": \\"1ATA     VBOX HARDDISK                           081118FC1221NCJ6G810\\",
    \\"isReadOnly\\": false,
    \\"dmSlaveMms\\": [],
    \\"dmVgSize\\": null,
    \\"mdDevices\\": [],
    \\"dmMultipathDevicePath\\": null,
    \\"dmLvName\\": null,
    \\"dmVgName\\": null,
    \\"dmUuid\\": null,
    \\"mdUuid\\": null
  },
  \\"/devices/pci0000:00/0000:00:0d.0/ata14/host13/target13:0:0/13:0:0:0/block/sdl\\": {
    \\"major\\": \\"8\\",
    \\"minor\\": \\"176\\",
    \\"paths\\": [
      \\"/dev/disk/by-id/ata-VBOX_HARDDISK_081118FC1221NCJ6G811\\",
      \\"/dev/disk/by-path/pci-0000:00:0d.0-ata-12.0\\",
      \\"/dev/sdl\\"
    ],
    \\"devName\\": \\"/dev/sdl\\",
    \\"devPath\\": \\"/devices/pci0000:00/0000:00:0d.0/ata14/host13/target13:0:0/13:0:0:0/block/sdl\\",
    \\"devType\\": \\"disk\\",
    \\"idVendor\\": null,
    \\"idModel\\": \\"VBOX_HARDDISK\\",
    \\"idSerial\\": \\"VBOX_HARDDISK_081118FC1221NCJ6G811\\",
    \\"idFsType\\": null,
    \\"idFsUsage\\": null,
    \\"idPartEntryNumber\\": null,
    \\"size\\": \\"204800\\",
    \\"scsi80\\": \\"SATA     VBOX HARDDISK   081118FC1221NCJ6G811\\",
    \\"scsi83\\": \\"1ATA     VBOX HARDDISK                           081118FC1221NCJ6G811\\",
    \\"isReadOnly\\": false,
    \\"dmSlaveMms\\": [],
    \\"dmVgSize\\": null,
    \\"mdDevices\\": [],
    \\"dmMultipathDevicePath\\": null,
    \\"dmLvName\\": null,
    \\"dmVgName\\": null,
    \\"dmUuid\\": null,
    \\"mdUuid\\": null
  },
  \\"/devices/pci0000:00/0000:00:0d.0/ata15/host14/target14:0:0/14:0:0:0/block/sdm\\": {
    \\"major\\": \\"8\\",
    \\"minor\\": \\"192\\",
    \\"paths\\": [
      \\"/dev/disk/by-id/ata-VBOX_HARDDISK_081118FC1221NCJ6G812\\",
      \\"/dev/disk/by-path/pci-0000:00:0d.0-ata-13.0\\",
      \\"/dev/sdm\\"
    ],
    \\"devName\\": \\"/dev/sdm\\",
    \\"devPath\\": \\"/devices/pci0000:00/0000:00:0d.0/ata15/host14/target14:0:0/14:0:0:0/block/sdm\\",
    \\"devType\\": \\"disk\\",
    \\"idVendor\\": null,
    \\"idModel\\": \\"VBOX_HARDDISK\\",
    \\"idSerial\\": \\"VBOX_HARDDISK_081118FC1221NCJ6G812\\",
    \\"idFsType\\": null,
    \\"idFsUsage\\": null,
    \\"idPartEntryNumber\\": null,
    \\"size\\": \\"204800\\",
    \\"scsi80\\": \\"SATA     VBOX HARDDISK   081118FC1221NCJ6G812\\",
    \\"scsi83\\": \\"1ATA     VBOX HARDDISK                           081118FC1221NCJ6G812\\",
    \\"isReadOnly\\": false,
    \\"dmSlaveMms\\": [],
    \\"dmVgSize\\": null,
    \\"mdDevices\\": [],
    \\"dmMultipathDevicePath\\": null,
    \\"dmLvName\\": null,
    \\"dmVgName\\": null,
    \\"dmUuid\\": null,
    \\"mdUuid\\": null
  },
  \\"/devices/pci0000:00/0000:00:0d.0/ata16/host15/target15:0:0/15:0:0:0/block/sdn\\": {
    \\"major\\": \\"8\\",
    \\"minor\\": \\"208\\",
    \\"paths\\": [
      \\"/dev/disk/by-id/ata-VBOX_HARDDISK_081118FC1221NCJ6G813\\",
      \\"/dev/disk/by-path/pci-0000:00:0d.0-ata-14.0\\",
      \\"/dev/sdn\\"
    ],
    \\"devName\\": \\"/dev/sdn\\",
    \\"devPath\\": \\"/devices/pci0000:00/0000:00:0d.0/ata16/host15/target15:0:0/15:0:0:0/block/sdn\\",
    \\"devType\\": \\"disk\\",
    \\"idVendor\\": null,
    \\"idModel\\": \\"VBOX_HARDDISK\\",
    \\"idSerial\\": \\"VBOX_HARDDISK_081118FC1221NCJ6G813\\",
    \\"idFsType\\": null,
    \\"idFsUsage\\": null,
    \\"idPartEntryNumber\\": null,
    \\"size\\": \\"204800\\",
    \\"scsi80\\": \\"SATA     VBOX HARDDISK   081118FC1221NCJ6G813\\",
    \\"scsi83\\": \\"1ATA     VBOX HARDDISK                           081118FC1221NCJ6G813\\",
    \\"isReadOnly\\": false,
    \\"dmSlaveMms\\": [],
    \\"dmVgSize\\": null,
    \\"mdDevices\\": [],
    \\"dmMultipathDevicePath\\": null,
    \\"dmLvName\\": null,
    \\"dmVgName\\": null,
    \\"dmUuid\\": null,
    \\"mdUuid\\": null
  },
  \\"/devices/pci0000:00/0000:00:0d.0/ata17/host16/target16:0:0/16:0:0:0/block/sdo\\": {
    \\"major\\": \\"8\\",
    \\"minor\\": \\"224\\",
    \\"paths\\": [
      \\"/dev/disk/by-id/ata-VBOX_HARDDISK_081118FC1221NCJ6G814\\",
      \\"/dev/disk/by-path/pci-0000:00:0d.0-ata-15.0\\",
      \\"/dev/sdo\\"
    ],
    \\"devName\\": \\"/dev/sdo\\",
    \\"devPath\\": \\"/devices/pci0000:00/0000:00:0d.0/ata17/host16/target16:0:0/16:0:0:0/block/sdo\\",
    \\"devType\\": \\"disk\\",
    \\"idVendor\\": null,
    \\"idModel\\": \\"VBOX_HARDDISK\\",
    \\"idSerial\\": \\"VBOX_HARDDISK_081118FC1221NCJ6G814\\",
    \\"idFsType\\": null,
    \\"idFsUsage\\": null,
    \\"idPartEntryNumber\\": null,
    \\"size\\": \\"204800\\",
    \\"scsi80\\": \\"SATA     VBOX HARDDISK   081118FC1221NCJ6G814\\",
    \\"scsi83\\": \\"1ATA     VBOX HARDDISK                           081118FC1221NCJ6G814\\",
    \\"isReadOnly\\": false,
    \\"dmSlaveMms\\": [],
    \\"dmVgSize\\": null,
    \\"mdDevices\\": [],
    \\"dmMultipathDevicePath\\": null,
    \\"dmLvName\\": null,
    \\"dmVgName\\": null,
    \\"dmUuid\\": null,
    \\"mdUuid\\": null
  },
  \\"/devices/pci0000:00/0000:00:0d.0/ata18/host17/target17:0:0/17:0:0:0/block/sdp\\": {
    \\"major\\": \\"8\\",
    \\"minor\\": \\"240\\",
    \\"paths\\": [
      \\"/dev/disk/by-id/ata-VBOX_HARDDISK_081118FC1221NCJ6G815\\",
      \\"/dev/disk/by-path/pci-0000:00:0d.0-ata-16.0\\",
      \\"/dev/sdp\\"
    ],
    \\"devName\\": \\"/dev/sdp\\",
    \\"devPath\\": \\"/devices/pci0000:00/0000:00:0d.0/ata18/host17/target17:0:0/17:0:0:0/block/sdp\\",
    \\"devType\\": \\"disk\\",
    \\"idVendor\\": null,
    \\"idModel\\": \\"VBOX_HARDDISK\\",
    \\"idSerial\\": \\"VBOX_HARDDISK_081118FC1221NCJ6G815\\",
    \\"idFsType\\": null,
    \\"idFsUsage\\": null,
    \\"idPartEntryNumber\\": null,
    \\"size\\": \\"204800\\",
    \\"scsi80\\": \\"SATA     VBOX HARDDISK   081118FC1221NCJ6G815\\",
    \\"scsi83\\": \\"1ATA     VBOX HARDDISK                           081118FC1221NCJ6G815\\",
    \\"isReadOnly\\": false,
    \\"dmSlaveMms\\": [],
    \\"dmVgSize\\": null,
    \\"mdDevices\\": [],
    \\"dmMultipathDevicePath\\": null,
    \\"dmLvName\\": null,
    \\"dmVgName\\": null,
    \\"dmUuid\\": null,
    \\"mdUuid\\": null
  },
  \\"/devices/pci0000:00/0000:00:0d.0/ata19/host18/target18:0:0/18:0:0:0/block/sdq\\": {
    \\"major\\": \\"65\\",
    \\"minor\\": \\"0\\",
    \\"paths\\": [
      \\"/dev/disk/by-id/ata-VBOX_HARDDISK_081118FC1221NCJ6G816\\",
      \\"/dev/disk/by-path/pci-0000:00:0d.0-ata-17.0\\",
      \\"/dev/sdq\\"
    ],
    \\"devName\\": \\"/dev/sdq\\",
    \\"devPath\\": \\"/devices/pci0000:00/0000:00:0d.0/ata19/host18/target18:0:0/18:0:0:0/block/sdq\\",
    \\"devType\\": \\"disk\\",
    \\"idVendor\\": null,
    \\"idModel\\": \\"VBOX_HARDDISK\\",
    \\"idSerial\\": \\"VBOX_HARDDISK_081118FC1221NCJ6G816\\",
    \\"idFsType\\": null,
    \\"idFsUsage\\": null,
    \\"idPartEntryNumber\\": null,
    \\"size\\": \\"204800\\",
    \\"scsi80\\": \\"SATA     VBOX HARDDISK   081118FC1221NCJ6G816\\",
    \\"scsi83\\": \\"1ATA     VBOX HARDDISK                           081118FC1221NCJ6G816\\",
    \\"isReadOnly\\": false,
    \\"dmSlaveMms\\": [],
    \\"dmVgSize\\": null,
    \\"mdDevices\\": [],
    \\"dmMultipathDevicePath\\": null,
    \\"dmLvName\\": null,
    \\"dmVgName\\": null,
    \\"dmUuid\\": null,
    \\"mdUuid\\": null
  },
  \\"/devices/pci0000:00/0000:00:0d.0/ata20/host19/target19:0:0/19:0:0:0/block/sdr\\": {
    \\"major\\": \\"65\\",
    \\"minor\\": \\"16\\",
    \\"paths\\": [
      \\"/dev/disk/by-id/ata-VBOX_HARDDISK_081118FC1221NCJ6G817\\",
      \\"/dev/disk/by-path/pci-0000:00:0d.0-ata-18.0\\",
      \\"/dev/sdr\\"
    ],
    \\"devName\\": \\"/dev/sdr\\",
    \\"devPath\\": \\"/devices/pci0000:00/0000:00:0d.0/ata20/host19/target19:0:0/19:0:0:0/block/sdr\\",
    \\"devType\\": \\"disk\\",
    \\"idVendor\\": null,
    \\"idModel\\": \\"VBOX_HARDDISK\\",
    \\"idSerial\\": \\"VBOX_HARDDISK_081118FC1221NCJ6G817\\",
    \\"idFsType\\": null,
    \\"idFsUsage\\": null,
    \\"idPartEntryNumber\\": null,
    \\"size\\": \\"204800\\",
    \\"scsi80\\": \\"SATA     VBOX HARDDISK   081118FC1221NCJ6G817\\",
    \\"scsi83\\": \\"1ATA     VBOX HARDDISK                           081118FC1221NCJ6G817\\",
    \\"isReadOnly\\": false,
    \\"dmSlaveMms\\": [],
    \\"dmVgSize\\": null,
    \\"mdDevices\\": [],
    \\"dmMultipathDevicePath\\": null,
    \\"dmLvName\\": null,
    \\"dmVgName\\": null,
    \\"dmUuid\\": null,
    \\"mdUuid\\": null
  },
  \\"/devices/pci0000:00/0000:00:0d.0/ata21/host20/target20:0:0/20:0:0:0/block/sds\\": {
    \\"major\\": \\"65\\",
    \\"minor\\": \\"32\\",
    \\"paths\\": [
      \\"/dev/disk/by-id/ata-VBOX_HARDDISK_081118FC1221NCJ6G818\\",
      \\"/dev/disk/by-path/pci-0000:00:0d.0-ata-19.0\\",
      \\"/dev/sds\\"
    ],
    \\"devName\\": \\"/dev/sds\\",
    \\"devPath\\": \\"/devices/pci0000:00/0000:00:0d.0/ata21/host20/target20:0:0/20:0:0:0/block/sds\\",
    \\"devType\\": \\"disk\\",
    \\"idVendor\\": null,
    \\"idModel\\": \\"VBOX_HARDDISK\\",
    \\"idSerial\\": \\"VBOX_HARDDISK_081118FC1221NCJ6G818\\",
    \\"idFsType\\": null,
    \\"idFsUsage\\": null,
    \\"idPartEntryNumber\\": null,
    \\"size\\": \\"204800\\",
    \\"scsi80\\": \\"SATA     VBOX HARDDISK   081118FC1221NCJ6G818\\",
    \\"scsi83\\": \\"1ATA     VBOX HARDDISK                           081118FC1221NCJ6G818\\",
    \\"isReadOnly\\": false,
    \\"dmSlaveMms\\": [],
    \\"dmVgSize\\": null,
    \\"mdDevices\\": [],
    \\"dmMultipathDevicePath\\": null,
    \\"dmLvName\\": null,
    \\"dmVgName\\": null,
    \\"dmUuid\\": null,
    \\"mdUuid\\": null
  },
  \\"/devices/pci0000:00/0000:00:0d.0/ata22/host21/target21:0:0/21:0:0:0/block/sdt\\": {
    \\"major\\": \\"65\\",
    \\"minor\\": \\"48\\",
    \\"paths\\": [
      \\"/dev/disk/by-id/ata-VBOX_HARDDISK_081118FC1221NCJ6G819\\",
      \\"/dev/disk/by-path/pci-0000:00:0d.0-ata-20.0\\",
      \\"/dev/sdt\\"
    ],
    \\"devName\\": \\"/dev/sdt\\",
    \\"devPath\\": \\"/devices/pci0000:00/0000:00:0d.0/ata22/host21/target21:0:0/21:0:0:0/block/sdt\\",
    \\"devType\\": \\"disk\\",
    \\"idVendor\\": null,
    \\"idModel\\": \\"VBOX_HARDDISK\\",
    \\"idSerial\\": \\"VBOX_HARDDISK_081118FC1221NCJ6G819\\",
    \\"idFsType\\": null,
    \\"idFsUsage\\": null,
    \\"idPartEntryNumber\\": null,
    \\"size\\": \\"204800\\",
    \\"scsi80\\": \\"SATA     VBOX HARDDISK   081118FC1221NCJ6G819\\",
    \\"scsi83\\": \\"1ATA     VBOX HARDDISK                           081118FC1221NCJ6G819\\",
    \\"isReadOnly\\": false,
    \\"dmSlaveMms\\": [],
    \\"dmVgSize\\": null,
    \\"mdDevices\\": [],
    \\"dmMultipathDevicePath\\": null,
    \\"dmLvName\\": null,
    \\"dmVgName\\": null,
    \\"dmUuid\\": null,
    \\"mdUuid\\": null
  },
  \\"/devices/pci0000:00/0000:00:0d.0/ata23/host22/target22:0:0/22:0:0:0/block/sdu\\": {
    \\"major\\": \\"65\\",
    \\"minor\\": \\"64\\",
    \\"paths\\": [
      \\"/dev/disk/by-id/ata-VBOX_HARDDISK_081118FC1221NCJ6G820\\",
      \\"/dev/disk/by-path/pci-0000:00:0d.0-ata-21.0\\",
      \\"/dev/sdu\\"
    ],
    \\"devName\\": \\"/dev/sdu\\",
    \\"devPath\\": \\"/devices/pci0000:00/0000:00:0d.0/ata23/host22/target22:0:0/22:0:0:0/block/sdu\\",
    \\"devType\\": \\"disk\\",
    \\"idVendor\\": null,
    \\"idModel\\": \\"VBOX_HARDDISK\\",
    \\"idSerial\\": \\"VBOX_HARDDISK_081118FC1221NCJ6G820\\",
    \\"idFsType\\": null,
    \\"idFsUsage\\": null,
    \\"idPartEntryNumber\\": null,
    \\"size\\": \\"204800\\",
    \\"scsi80\\": \\"SATA     VBOX HARDDISK   081118FC1221NCJ6G820\\",
    \\"scsi83\\": \\"1ATA     VBOX HARDDISK                           081118FC1221NCJ6G820\\",
    \\"isReadOnly\\": false,
    \\"dmSlaveMms\\": [],
    \\"dmVgSize\\": null,
    \\"mdDevices\\": [],
    \\"dmMultipathDevicePath\\": null,
    \\"dmLvName\\": null,
    \\"dmVgName\\": null,
    \\"dmUuid\\": null,
    \\"mdUuid\\": null
  },
  \\"/devices/pci0000:00/0000:00:0d.0/ata24/host23/target23:0:0/23:0:0:0/block/sdv\\": {
    \\"major\\": \\"65\\",
    \\"minor\\": \\"80\\",
    \\"paths\\": [
      \\"/dev/disk/by-id/ata-VBOX_HARDDISK_081118FC1221NCJ6G821\\",
      \\"/dev/disk/by-path/pci-0000:00:0d.0-ata-22.0\\",
      \\"/dev/sdv\\"
    ],
    \\"devName\\": \\"/dev/sdv\\",
    \\"devPath\\": \\"/devices/pci0000:00/0000:00:0d.0/ata24/host23/target23:0:0/23:0:0:0/block/sdv\\",
    \\"devType\\": \\"disk\\",
    \\"idVendor\\": null,
    \\"idModel\\": \\"VBOX_HARDDISK\\",
    \\"idSerial\\": \\"VBOX_HARDDISK_081118FC1221NCJ6G821\\",
    \\"idFsType\\": null,
    \\"idFsUsage\\": null,
    \\"idPartEntryNumber\\": null,
    \\"size\\": \\"204800\\",
    \\"scsi80\\": \\"SATA     VBOX HARDDISK   081118FC1221NCJ6G821\\",
    \\"scsi83\\": \\"1ATA     VBOX HARDDISK                           081118FC1221NCJ6G821\\",
    \\"isReadOnly\\": false,
    \\"dmSlaveMms\\": [],
    \\"dmVgSize\\": null,
    \\"mdDevices\\": [],
    \\"dmMultipathDevicePath\\": null,
    \\"dmLvName\\": null,
    \\"dmVgName\\": null,
    \\"dmUuid\\": null,
    \\"mdUuid\\": null
  },
  \\"/devices/pci0000:00/0000:00:0d.0/ata25/host24/target24:0:0/24:0:0:0/block/sdw\\": {
    \\"major\\": \\"65\\",
    \\"minor\\": \\"96\\",
    \\"paths\\": [
      \\"/dev/disk/by-id/ata-VBOX_HARDDISK_081118FC1221NCJ6G822\\",
      \\"/dev/disk/by-path/pci-0000:00:0d.0-ata-23.0\\",
      \\"/dev/sdw\\"
    ],
    \\"devName\\": \\"/dev/sdw\\",
    \\"devPath\\": \\"/devices/pci0000:00/0000:00:0d.0/ata25/host24/target24:0:0/24:0:0:0/block/sdw\\",
    \\"devType\\": \\"disk\\",
    \\"idVendor\\": null,
    \\"idModel\\": \\"VBOX_HARDDISK\\",
    \\"idSerial\\": \\"VBOX_HARDDISK_081118FC1221NCJ6G822\\",
    \\"idFsType\\": null,
    \\"idFsUsage\\": null,
    \\"idPartEntryNumber\\": null,
    \\"size\\": \\"204800\\",
    \\"scsi80\\": \\"SATA     VBOX HARDDISK   081118FC1221NCJ6G822\\",
    \\"scsi83\\": \\"1ATA     VBOX HARDDISK                           081118FC1221NCJ6G822\\",
    \\"isReadOnly\\": false,
    \\"dmSlaveMms\\": [],
    \\"dmVgSize\\": null,
    \\"mdDevices\\": [],
    \\"dmMultipathDevicePath\\": null,
    \\"dmLvName\\": null,
    \\"dmVgName\\": null,
    \\"dmUuid\\": null,
    \\"mdUuid\\": null
  },
  \\"/devices/pci0000:00/0000:00:0d.0/ata26/host25/target25:0:0/25:0:0:0/block/sdx\\": {
    \\"major\\": \\"65\\",
    \\"minor\\": \\"112\\",
    \\"paths\\": [
      \\"/dev/disk/by-id/ata-VBOX_HARDDISK_081118FC1221NCJ6G823\\",
      \\"/dev/disk/by-path/pci-0000:00:0d.0-ata-24.0\\",
      \\"/dev/sdx\\"
    ],
    \\"devName\\": \\"/dev/sdx\\",
    \\"devPath\\": \\"/devices/pci0000:00/0000:00:0d.0/ata26/host25/target25:0:0/25:0:0:0/block/sdx\\",
    \\"devType\\": \\"disk\\",
    \\"idVendor\\": null,
    \\"idModel\\": \\"VBOX_HARDDISK\\",
    \\"idSerial\\": \\"VBOX_HARDDISK_081118FC1221NCJ6G823\\",
    \\"idFsType\\": null,
    \\"idFsUsage\\": null,
    \\"idPartEntryNumber\\": null,
    \\"size\\": \\"204800\\",
    \\"scsi80\\": \\"SATA     VBOX HARDDISK   081118FC1221NCJ6G823\\",
    \\"scsi83\\": \\"1ATA     VBOX HARDDISK                           081118FC1221NCJ6G823\\",
    \\"isReadOnly\\": false,
    \\"dmSlaveMms\\": [],
    \\"dmVgSize\\": null,
    \\"mdDevices\\": [],
    \\"dmMultipathDevicePath\\": null,
    \\"dmLvName\\": null,
    \\"dmVgName\\": null,
    \\"dmUuid\\": null,
    \\"mdUuid\\": null
  },
  \\"/devices/pci0000:00/0000:00:0d.0/ata27/host26/target26:0:0/26:0:0:0/block/sdy\\": {
    \\"major\\": \\"65\\",
    \\"minor\\": \\"128\\",
    \\"paths\\": [
      \\"/dev/disk/by-id/ata-VBOX_HARDDISK_081118FC1221NCJ6G824\\",
      \\"/dev/disk/by-path/pci-0000:00:0d.0-ata-25.0\\",
      \\"/dev/sdy\\"
    ],
    \\"devName\\": \\"/dev/sdy\\",
    \\"devPath\\": \\"/devices/pci0000:00/0000:00:0d.0/ata27/host26/target26:0:0/26:0:0:0/block/sdy\\",
    \\"devType\\": \\"disk\\",
    \\"idVendor\\": null,
    \\"idModel\\": \\"VBOX_HARDDISK\\",
    \\"idSerial\\": \\"VBOX_HARDDISK_081118FC1221NCJ6G824\\",
    \\"idFsType\\": null,
    \\"idFsUsage\\": null,
    \\"idPartEntryNumber\\": null,
    \\"size\\": \\"204800\\",
    \\"scsi80\\": \\"SATA     VBOX HARDDISK   081118FC1221NCJ6G824\\",
    \\"scsi83\\": \\"1ATA     VBOX HARDDISK                           081118FC1221NCJ6G824\\",
    \\"isReadOnly\\": false,
    \\"dmSlaveMms\\": [],
    \\"dmVgSize\\": null,
    \\"mdDevices\\": [],
    \\"dmMultipathDevicePath\\": null,
    \\"dmLvName\\": null,
    \\"dmVgName\\": null,
    \\"dmUuid\\": null,
    \\"mdUuid\\": null
  },
  \\"/devices/pci0000:00/0000:00:0d.0/ata28/host27/target27:0:0/27:0:0:0/block/sdz\\": {
    \\"major\\": \\"65\\",
    \\"minor\\": \\"144\\",
    \\"paths\\": [
      \\"/dev/disk/by-id/ata-VBOX_HARDDISK_081118FC1221NCJ6G825\\",
      \\"/dev/disk/by-path/pci-0000:00:0d.0-ata-26.0\\",
      \\"/dev/sdz\\"
    ],
    \\"devName\\": \\"/dev/sdz\\",
    \\"devPath\\": \\"/devices/pci0000:00/0000:00:0d.0/ata28/host27/target27:0:0/27:0:0:0/block/sdz\\",
    \\"devType\\": \\"disk\\",
    \\"idVendor\\": null,
    \\"idModel\\": \\"VBOX_HARDDISK\\",
    \\"idSerial\\": \\"VBOX_HARDDISK_081118FC1221NCJ6G825\\",
    \\"idFsType\\": null,
    \\"idFsUsage\\": null,
    \\"idPartEntryNumber\\": null,
    \\"size\\": \\"204800\\",
    \\"scsi80\\": \\"SATA     VBOX HARDDISK   081118FC1221NCJ6G825\\",
    \\"scsi83\\": \\"1ATA     VBOX HARDDISK                           081118FC1221NCJ6G825\\",
    \\"isReadOnly\\": false,
    \\"dmSlaveMms\\": [],
    \\"dmVgSize\\": null,
    \\"mdDevices\\": [],
    \\"dmMultipathDevicePath\\": null,
    \\"dmLvName\\": null,
    \\"dmVgName\\": null,
    \\"dmUuid\\": null,
    \\"mdUuid\\": null
  },
  \\"/devices/pci0000:00/0000:00:0d.0/ata29/host28/target28:0:0/28:0:0:0/block/sdaa\\": {
    \\"major\\": \\"65\\",
    \\"minor\\": \\"160\\",
    \\"paths\\": [
      \\"/dev/disk/by-id/ata-VBOX_HARDDISK_081118FC1221NCJ6G826\\",
      \\"/dev/disk/by-path/pci-0000:00:0d.0-ata-27.0\\",
      \\"/dev/sdaa\\"
    ],
    \\"devName\\": \\"/dev/sdaa\\",
    \\"devPath\\": \\"/devices/pci0000:00/0000:00:0d.0/ata29/host28/target28:0:0/28:0:0:0/block/sdaa\\",
    \\"devType\\": \\"disk\\",
    \\"idVendor\\": null,
    \\"idModel\\": \\"VBOX_HARDDISK\\",
    \\"idSerial\\": \\"VBOX_HARDDISK_081118FC1221NCJ6G826\\",
    \\"idFsType\\": null,
    \\"idFsUsage\\": null,
    \\"idPartEntryNumber\\": null,
    \\"size\\": \\"204800\\",
    \\"scsi80\\": \\"SATA     VBOX HARDDISK   081118FC1221NCJ6G826\\",
    \\"scsi83\\": \\"1ATA     VBOX HARDDISK                           081118FC1221NCJ6G826\\",
    \\"isReadOnly\\": false,
    \\"dmSlaveMms\\": [],
    \\"dmVgSize\\": null,
    \\"mdDevices\\": [],
    \\"dmMultipathDevicePath\\": null,
    \\"dmLvName\\": null,
    \\"dmVgName\\": null,
    \\"dmUuid\\": null,
    \\"mdUuid\\": null
  },
  \\"/devices/pci0000:00/0000:00:0d.0/ata3/host2/target2:0:0/2:0:0:0/block/sda\\": {
    \\"major\\": \\"8\\",
    \\"minor\\": \\"0\\",
    \\"paths\\": [
      \\"/dev/disk/by-id/ata-VBOX_HARDDISK_081118FC1221NCJ6G801\\",
      \\"/dev/disk/by-path/pci-0000:00:0d.0-ata-1.0\\",
      \\"/dev/sda\\"
    ],
    \\"devName\\": \\"/dev/sda\\",
    \\"devPath\\": \\"/devices/pci0000:00/0000:00:0d.0/ata3/host2/target2:0:0/2:0:0:0/block/sda\\",
    \\"devType\\": \\"disk\\",
    \\"idVendor\\": null,
    \\"idModel\\": \\"VBOX_HARDDISK\\",
    \\"idSerial\\": \\"VBOX_HARDDISK_081118FC1221NCJ6G801\\",
    \\"idFsType\\": null,
    \\"idFsUsage\\": null,
    \\"idPartEntryNumber\\": null,
    \\"size\\": \\"81920000\\",
    \\"scsi80\\": \\"SATA     VBOX HARDDISK   081118FC1221NCJ6G801\\",
    \\"scsi83\\": \\"1ATA     VBOX HARDDISK                           081118FC1221NCJ6G801\\",
    \\"isReadOnly\\": false,
    \\"dmSlaveMms\\": [],
    \\"dmVgSize\\": null,
    \\"mdDevices\\": [],
    \\"dmMultipathDevicePath\\": null,
    \\"dmLvName\\": null,
    \\"dmVgName\\": null,
    \\"dmUuid\\": null,
    \\"mdUuid\\": null
  },
  \\"/devices/pci0000:00/0000:00:0d.0/ata3/host2/target2:0:0/2:0:0:0/block/sda/sda1\\": {
    \\"major\\": \\"8\\",
    \\"minor\\": \\"1\\",
    \\"paths\\": [
      \\"/dev/disk/by-id/ata-VBOX_HARDDISK_081118FC1221NCJ6G801-part1\\",
      \\"/dev/disk/by-path/pci-0000:00:0d.0-ata-1.0-part1\\",
      \\"/dev/disk/by-uuid/e3131d27-2c31-4594-bf0c-bcd6f9a0c985\\",
      \\"/dev/sda1\\"
    ],
    \\"devName\\": \\"/dev/sda1\\",
    \\"devPath\\": \\"/devices/pci0000:00/0000:00:0d.0/ata3/host2/target2:0:0/2:0:0:0/block/sda/sda1\\",
    \\"devType\\": \\"partition\\",
    \\"idVendor\\": null,
    \\"idModel\\": \\"VBOX_HARDDISK\\",
    \\"idSerial\\": \\"VBOX_HARDDISK_081118FC1221NCJ6G801\\",
    \\"idFsType\\": \\"xfs\\",
    \\"idFsUsage\\": \\"filesystem\\",
    \\"idPartEntryNumber\\": 1,
    \\"size\\": \\"2097152\\",
    \\"scsi80\\": \\"SATA     VBOX HARDDISK   081118FC1221NCJ6G801\\",
    \\"scsi83\\": \\"1ATA     VBOX HARDDISK                           081118FC1221NCJ6G801\\",
    \\"isReadOnly\\": false,
    \\"dmSlaveMms\\": [],
    \\"dmVgSize\\": null,
    \\"mdDevices\\": [],
    \\"dmMultipathDevicePath\\": null,
    \\"dmLvName\\": null,
    \\"dmVgName\\": null,
    \\"dmUuid\\": null,
    \\"mdUuid\\": null
  },
  \\"/devices/pci0000:00/0000:00:0d.0/ata3/host2/target2:0:0/2:0:0:0/block/sda/sda2\\": {
    \\"major\\": \\"8\\",
    \\"minor\\": \\"2\\",
    \\"paths\\": [
      \\"/dev/disk/by-id/ata-VBOX_HARDDISK_081118FC1221NCJ6G801-part2\\",
      \\"/dev/disk/by-id/lvm-pv-uuid-3kzU9f-LipM-TJo5-zrd1-iNuL-nBHH-WGSlGv\\",
      \\"/dev/disk/by-path/pci-0000:00:0d.0-ata-1.0-part2\\",
      \\"/dev/sda2\\"
    ],
    \\"devName\\": \\"/dev/sda2\\",
    \\"devPath\\": \\"/devices/pci0000:00/0000:00:0d.0/ata3/host2/target2:0:0/2:0:0:0/block/sda/sda2\\",
    \\"devType\\": \\"partition\\",
    \\"idVendor\\": null,
    \\"idModel\\": \\"VBOX_HARDDISK\\",
    \\"idSerial\\": \\"VBOX_HARDDISK_081118FC1221NCJ6G801\\",
    \\"idFsType\\": \\"LVM2_member\\",
    \\"idFsUsage\\": \\"raid\\",
    \\"idPartEntryNumber\\": 2,
    \\"size\\": \\"79820800\\",
    \\"scsi80\\": \\"SATA     VBOX HARDDISK   081118FC1221NCJ6G801\\",
    \\"scsi83\\": \\"1ATA     VBOX HARDDISK                           081118FC1221NCJ6G801\\",
    \\"isReadOnly\\": false,
    \\"dmSlaveMms\\": [],
    \\"dmVgSize\\": null,
    \\"mdDevices\\": [],
    \\"dmMultipathDevicePath\\": null,
    \\"dmLvName\\": null,
    \\"dmVgName\\": null,
    \\"dmUuid\\": null,
    \\"mdUuid\\": null
  },
  \\"/devices/pci0000:00/0000:00:0d.0/ata30/host29/target29:0:0/29:0:0:0/block/sdab\\": {
    \\"major\\": \\"65\\",
    \\"minor\\": \\"176\\",
    \\"paths\\": [
      \\"/dev/disk/by-id/ata-VBOX_HARDDISK_081118FC1221NCJ6G827\\",
      \\"/dev/disk/by-path/pci-0000:00:0d.0-ata-28.0\\",
      \\"/dev/sdab\\"
    ],
    \\"devName\\": \\"/dev/sdab\\",
    \\"devPath\\": \\"/devices/pci0000:00/0000:00:0d.0/ata30/host29/target29:0:0/29:0:0:0/block/sdab\\",
    \\"devType\\": \\"disk\\",
    \\"idVendor\\": null,
    \\"idModel\\": \\"VBOX_HARDDISK\\",
    \\"idSerial\\": \\"VBOX_HARDDISK_081118FC1221NCJ6G827\\",
    \\"idFsType\\": null,
    \\"idFsUsage\\": null,
    \\"idPartEntryNumber\\": null,
    \\"size\\": \\"204800\\",
    \\"scsi80\\": \\"SATA     VBOX HARDDISK   081118FC1221NCJ6G827\\",
    \\"scsi83\\": \\"1ATA     VBOX HARDDISK                           081118FC1221NCJ6G827\\",
    \\"isReadOnly\\": false,
    \\"dmSlaveMms\\": [],
    \\"dmVgSize\\": null,
    \\"mdDevices\\": [],
    \\"dmMultipathDevicePath\\": null,
    \\"dmLvName\\": null,
    \\"dmVgName\\": null,
    \\"dmUuid\\": null,
    \\"mdUuid\\": null
  },
  \\"/devices/pci0000:00/0000:00:0d.0/ata31/host30/target30:0:0/30:0:0:0/block/sdac\\": {
    \\"major\\": \\"65\\",
    \\"minor\\": \\"192\\",
    \\"paths\\": [
      \\"/dev/disk/by-id/ata-VBOX_HARDDISK_081118FC1221NCJ6G828\\",
      \\"/dev/disk/by-path/pci-0000:00:0d.0-ata-29.0\\",
      \\"/dev/sdac\\"
    ],
    \\"devName\\": \\"/dev/sdac\\",
    \\"devPath\\": \\"/devices/pci0000:00/0000:00:0d.0/ata31/host30/target30:0:0/30:0:0:0/block/sdac\\",
    \\"devType\\": \\"disk\\",
    \\"idVendor\\": null,
    \\"idModel\\": \\"VBOX_HARDDISK\\",
    \\"idSerial\\": \\"VBOX_HARDDISK_081118FC1221NCJ6G828\\",
    \\"idFsType\\": null,
    \\"idFsUsage\\": null,
    \\"idPartEntryNumber\\": null,
    \\"size\\": \\"204800\\",
    \\"scsi80\\": \\"SATA     VBOX HARDDISK   081118FC1221NCJ6G828\\",
    \\"scsi83\\": \\"1ATA     VBOX HARDDISK                           081118FC1221NCJ6G828\\",
    \\"isReadOnly\\": false,
    \\"dmSlaveMms\\": [],
    \\"dmVgSize\\": null,
    \\"mdDevices\\": [],
    \\"dmMultipathDevicePath\\": null,
    \\"dmLvName\\": null,
    \\"dmVgName\\": null,
    \\"dmUuid\\": null,
    \\"mdUuid\\": null
  },
  \\"/devices/pci0000:00/0000:00:0d.0/ata32/host31/target31:0:0/31:0:0:0/block/sdad\\": {
    \\"major\\": \\"65\\",
    \\"minor\\": \\"208\\",
    \\"paths\\": [
      \\"/dev/disk/by-id/ata-VBOX_HARDDISK_081118FC1221NCJ6G829\\",
      \\"/dev/disk/by-path/pci-0000:00:0d.0-ata-30.0\\",
      \\"/dev/sdad\\"
    ],
    \\"devName\\": \\"/dev/sdad\\",
    \\"devPath\\": \\"/devices/pci0000:00/0000:00:0d.0/ata32/host31/target31:0:0/31:0:0:0/block/sdad\\",
    \\"devType\\": \\"disk\\",
    \\"idVendor\\": null,
    \\"idModel\\": \\"VBOX_HARDDISK\\",
    \\"idSerial\\": \\"VBOX_HARDDISK_081118FC1221NCJ6G829\\",
    \\"idFsType\\": null,
    \\"idFsUsage\\": null,
    \\"idPartEntryNumber\\": null,
    \\"size\\": \\"204800\\",
    \\"scsi80\\": \\"SATA     VBOX HARDDISK   081118FC1221NCJ6G829\\",
    \\"scsi83\\": \\"1ATA     VBOX HARDDISK                           081118FC1221NCJ6G829\\",
    \\"isReadOnly\\": false,
    \\"dmSlaveMms\\": [],
    \\"dmVgSize\\": null,
    \\"mdDevices\\": [],
    \\"dmMultipathDevicePath\\": null,
    \\"dmLvName\\": null,
    \\"dmVgName\\": null,
    \\"dmUuid\\": null,
    \\"mdUuid\\": null
  },
  \\"/devices/pci0000:00/0000:00:0d.0/ata4/host3/target3:0:0/3:0:0:0/block/sdb\\": {
    \\"major\\": \\"8\\",
    \\"minor\\": \\"16\\",
    \\"paths\\": [
      \\"/dev/disk/by-id/ata-VBOX_HARDDISK_081118FC1221NCJ6G830\\",
      \\"/dev/disk/by-path/pci-0000:00:0d.0-ata-2.0\\",
      \\"/dev/sdb\\"
    ],
    \\"devName\\": \\"/dev/sdb\\",
    \\"devPath\\": \\"/devices/pci0000:00/0000:00:0d.0/ata4/host3/target3:0:0/3:0:0:0/block/sdb\\",
    \\"devType\\": \\"disk\\",
    \\"idVendor\\": null,
    \\"idModel\\": \\"VBOX_HARDDISK\\",
    \\"idSerial\\": \\"VBOX_HARDDISK_081118FC1221NCJ6G830\\",
    \\"idFsType\\": null,
    \\"idFsUsage\\": null,
    \\"idPartEntryNumber\\": null,
    \\"size\\": \\"1048576000\\",
    \\"scsi80\\": \\"SATA     VBOX HARDDISK   081118FC1221NCJ6G830\\",
    \\"scsi83\\": \\"1ATA     VBOX HARDDISK                           081118FC1221NCJ6G830\\",
    \\"isReadOnly\\": false,
    \\"dmSlaveMms\\": [],
    \\"dmVgSize\\": null,
    \\"mdDevices\\": [],
    \\"dmMultipathDevicePath\\": null,
    \\"dmLvName\\": null,
    \\"dmVgName\\": null,
    \\"dmUuid\\": null,
    \\"mdUuid\\": null
  },
  \\"/devices/pci0000:00/0000:00:0d.0/ata5/host4/target4:0:0/4:0:0:0/block/sdc\\": {
    \\"major\\": \\"8\\",
    \\"minor\\": \\"32\\",
    \\"paths\\": [
      \\"/dev/disk/by-id/ata-VBOX_HARDDISK_081118FC1221NCJ6G802\\",
      \\"/dev/disk/by-path/pci-0000:00:0d.0-ata-3.0\\",
      \\"/dev/sdc\\"
    ],
    \\"devName\\": \\"/dev/sdc\\",
    \\"devPath\\": \\"/devices/pci0000:00/0000:00:0d.0/ata5/host4/target4:0:0/4:0:0:0/block/sdc\\",
    \\"devType\\": \\"disk\\",
    \\"idVendor\\": null,
    \\"idModel\\": \\"VBOX_HARDDISK\\",
    \\"idSerial\\": \\"VBOX_HARDDISK_081118FC1221NCJ6G802\\",
    \\"idFsType\\": null,
    \\"idFsUsage\\": null,
    \\"idPartEntryNumber\\": null,
    \\"size\\": \\"204800\\",
    \\"scsi80\\": \\"SATA     VBOX HARDDISK   081118FC1221NCJ6G802\\",
    \\"scsi83\\": \\"1ATA     VBOX HARDDISK                           081118FC1221NCJ6G802\\",
    \\"isReadOnly\\": false,
    \\"dmSlaveMms\\": [],
    \\"dmVgSize\\": null,
    \\"mdDevices\\": [],
    \\"dmMultipathDevicePath\\": null,
    \\"dmLvName\\": null,
    \\"dmVgName\\": null,
    \\"dmUuid\\": null,
    \\"mdUuid\\": null
  },
  \\"/devices/pci0000:00/0000:00:0d.0/ata6/host5/target5:0:0/5:0:0:0/block/sdd\\": {
    \\"major\\": \\"8\\",
    \\"minor\\": \\"48\\",
    \\"paths\\": [
      \\"/dev/disk/by-id/ata-VBOX_HARDDISK_081118FC1221NCJ6G803\\",
      \\"/dev/disk/by-path/pci-0000:00:0d.0-ata-4.0\\",
      \\"/dev/sdd\\"
    ],
    \\"devName\\": \\"/dev/sdd\\",
    \\"devPath\\": \\"/devices/pci0000:00/0000:00:0d.0/ata6/host5/target5:0:0/5:0:0:0/block/sdd\\",
    \\"devType\\": \\"disk\\",
    \\"idVendor\\": null,
    \\"idModel\\": \\"VBOX_HARDDISK\\",
    \\"idSerial\\": \\"VBOX_HARDDISK_081118FC1221NCJ6G803\\",
    \\"idFsType\\": null,
    \\"idFsUsage\\": null,
    \\"idPartEntryNumber\\": null,
    \\"size\\": \\"204800\\",
    \\"scsi80\\": \\"SATA     VBOX HARDDISK   081118FC1221NCJ6G803\\",
    \\"scsi83\\": \\"1ATA     VBOX HARDDISK                           081118FC1221NCJ6G803\\",
    \\"isReadOnly\\": false,
    \\"dmSlaveMms\\": [],
    \\"dmVgSize\\": null,
    \\"mdDevices\\": [],
    \\"dmMultipathDevicePath\\": null,
    \\"dmLvName\\": null,
    \\"dmVgName\\": null,
    \\"dmUuid\\": null,
    \\"mdUuid\\": null
  },
  \\"/devices/pci0000:00/0000:00:0d.0/ata7/host6/target6:0:0/6:0:0:0/block/sde\\": {
    \\"major\\": \\"8\\",
    \\"minor\\": \\"64\\",
    \\"paths\\": [
      \\"/dev/disk/by-id/ata-VBOX_HARDDISK_081118FC1221NCJ6G804\\",
      \\"/dev/disk/by-path/pci-0000:00:0d.0-ata-5.0\\",
      \\"/dev/sde\\"
    ],
    \\"devName\\": \\"/dev/sde\\",
    \\"devPath\\": \\"/devices/pci0000:00/0000:00:0d.0/ata7/host6/target6:0:0/6:0:0:0/block/sde\\",
    \\"devType\\": \\"disk\\",
    \\"idVendor\\": null,
    \\"idModel\\": \\"VBOX_HARDDISK\\",
    \\"idSerial\\": \\"VBOX_HARDDISK_081118FC1221NCJ6G804\\",
    \\"idFsType\\": null,
    \\"idFsUsage\\": null,
    \\"idPartEntryNumber\\": null,
    \\"size\\": \\"204800\\",
    \\"scsi80\\": \\"SATA     VBOX HARDDISK   081118FC1221NCJ6G804\\",
    \\"scsi83\\": \\"1ATA     VBOX HARDDISK                           081118FC1221NCJ6G804\\",
    \\"isReadOnly\\": false,
    \\"dmSlaveMms\\": [],
    \\"dmVgSize\\": null,
    \\"mdDevices\\": [],
    \\"dmMultipathDevicePath\\": null,
    \\"dmLvName\\": null,
    \\"dmVgName\\": null,
    \\"dmUuid\\": null,
    \\"mdUuid\\": null
  },
  \\"/devices/pci0000:00/0000:00:0d.0/ata8/host7/target7:0:0/7:0:0:0/block/sdf\\": {
    \\"major\\": \\"8\\",
    \\"minor\\": \\"80\\",
    \\"paths\\": [
      \\"/dev/disk/by-id/ata-VBOX_HARDDISK_081118FC1221NCJ6G805\\",
      \\"/dev/disk/by-path/pci-0000:00:0d.0-ata-6.0\\",
      \\"/dev/sdf\\"
    ],
    \\"devName\\": \\"/dev/sdf\\",
    \\"devPath\\": \\"/devices/pci0000:00/0000:00:0d.0/ata8/host7/target7:0:0/7:0:0:0/block/sdf\\",
    \\"devType\\": \\"disk\\",
    \\"idVendor\\": null,
    \\"idModel\\": \\"VBOX_HARDDISK\\",
    \\"idSerial\\": \\"VBOX_HARDDISK_081118FC1221NCJ6G805\\",
    \\"idFsType\\": null,
    \\"idFsUsage\\": null,
    \\"idPartEntryNumber\\": null,
    \\"size\\": \\"204800\\",
    \\"scsi80\\": \\"SATA     VBOX HARDDISK   081118FC1221NCJ6G805\\",
    \\"scsi83\\": \\"1ATA     VBOX HARDDISK                           081118FC1221NCJ6G805\\",
    \\"isReadOnly\\": false,
    \\"dmSlaveMms\\": [],
    \\"dmVgSize\\": null,
    \\"mdDevices\\": [],
    \\"dmMultipathDevicePath\\": null,
    \\"dmLvName\\": null,
    \\"dmVgName\\": null,
    \\"dmUuid\\": null,
    \\"mdUuid\\": null
  },
  \\"/devices/pci0000:00/0000:00:0d.0/ata9/host8/target8:0:0/8:0:0:0/block/sdg\\": {
    \\"major\\": \\"8\\",
    \\"minor\\": \\"96\\",
    \\"paths\\": [
      \\"/dev/disk/by-id/ata-VBOX_HARDDISK_081118FC1221NCJ6G806\\",
      \\"/dev/disk/by-path/pci-0000:00:0d.0-ata-7.0\\",
      \\"/dev/sdg\\"
    ],
    \\"devName\\": \\"/dev/sdg\\",
    \\"devPath\\": \\"/devices/pci0000:00/0000:00:0d.0/ata9/host8/target8:0:0/8:0:0:0/block/sdg\\",
    \\"devType\\": \\"disk\\",
    \\"idVendor\\": null,
    \\"idModel\\": \\"VBOX_HARDDISK\\",
    \\"idSerial\\": \\"VBOX_HARDDISK_081118FC1221NCJ6G806\\",
    \\"idFsType\\": null,
    \\"idFsUsage\\": null,
    \\"idPartEntryNumber\\": null,
    \\"size\\": \\"204800\\",
    \\"scsi80\\": \\"SATA     VBOX HARDDISK   081118FC1221NCJ6G806\\",
    \\"scsi83\\": \\"1ATA     VBOX HARDDISK                           081118FC1221NCJ6G806\\",
    \\"isReadOnly\\": false,
    \\"dmSlaveMms\\": [],
    \\"dmVgSize\\": null,
    \\"mdDevices\\": [],
    \\"dmMultipathDevicePath\\": null,
    \\"dmLvName\\": null,
    \\"dmVgName\\": null,
    \\"dmUuid\\": null,
    \\"mdUuid\\": null
  },
  \\"/devices/virtual/block/dm-0\\": {
    \\"major\\": \\"253\\",
    \\"minor\\": \\"0\\",
    \\"paths\\": [
      \\"/dev/centos/root\\",
      \\"/dev/disk/by-id/dm-name-centos-root\\",
      \\"/dev/disk/by-id/dm-uuid-LVM-jQnkXE3kiGdAhzhslCt2nmLZEO3Bq2Y51rSXU4VOZw0j4JVVgO8S9fjAhI88Feof\\",
      \\"/dev/disk/by-uuid/f4a999c3-a6d2-46f3-969a-594341c77969\\",
      \\"/dev/mapper/centos-root\\",
      \\"/dev/dm-0\\"
    ],
    \\"devName\\": \\"/dev/dm-0\\",
    \\"devPath\\": \\"/devices/virtual/block/dm-0\\",
    \\"devType\\": \\"disk\\",
    \\"idVendor\\": null,
    \\"idModel\\": null,
    \\"idSerial\\": null,
    \\"idFsType\\": \\"xfs\\",
    \\"idFsUsage\\": \\"filesystem\\",
    \\"idPartEntryNumber\\": null,
    \\"size\\": \\"77709312\\",
    \\"scsi80\\": \\"SATA     VBOX HARDDISK   081118FC1221NCJ6G801\\",
    \\"scsi83\\": \\"1ATA     VBOX HARDDISK                           081118FC1221NCJ6G801\\",
    \\"isReadOnly\\": false,
    \\"dmSlaveMms\\": [
      \\"8:2\\"
    ],
    \\"dmVgSize\\": \\"40865103872B\\",
    \\"mdDevices\\": [],
    \\"dmMultipathDevicePath\\": null,
    \\"dmLvName\\": \\"root\\",
    \\"dmVgName\\": \\"centos\\",
    \\"dmUuid\\": \\"LVM-jQnkXE3kiGdAhzhslCt2nmLZEO3Bq2Y51rSXU4VOZw0j4JVVgO8S9fjAhI88Feof\\",
    \\"mdUuid\\": null
  },
  \\"/devices/virtual/block/dm-1\\": {
    \\"major\\": \\"253\\",
    \\"minor\\": \\"1\\",
    \\"paths\\": [
      \\"/dev/centos/swap\\",
      \\"/dev/disk/by-id/dm-name-centos-swap\\",
      \\"/dev/disk/by-id/dm-uuid-LVM-jQnkXE3kiGdAhzhslCt2nmLZEO3Bq2Y5RneBEC5y8iJpLzpOyt1GsL6eva0iPk3f\\",
      \\"/dev/disk/by-uuid/bca6f9aa-e686-4073-a38a-0a18cd769cb9\\",
      \\"/dev/mapper/centos-swap\\",
      \\"/dev/dm-1\\"
    ],
    \\"devName\\": \\"/dev/dm-1\\",
    \\"devPath\\": \\"/devices/virtual/block/dm-1\\",
    \\"devType\\": \\"disk\\",
    \\"idVendor\\": null,
    \\"idModel\\": null,
    \\"idSerial\\": null,
    \\"idFsType\\": \\"swap\\",
    \\"idFsUsage\\": \\"other\\",
    \\"idPartEntryNumber\\": null,
    \\"size\\": \\"2097152\\",
    \\"scsi80\\": \\"SATA     VBOX HARDDISK   081118FC1221NCJ6G801\\",
    \\"scsi83\\": \\"1ATA     VBOX HARDDISK                           081118FC1221NCJ6G801\\",
    \\"isReadOnly\\": false,
    \\"dmSlaveMms\\": [
      \\"8:2\\"
    ],
    \\"dmVgSize\\": \\"40865103872B\\",
    \\"mdDevices\\": [],
    \\"dmMultipathDevicePath\\": null,
    \\"dmLvName\\": \\"swap\\",
    \\"dmVgName\\": \\"centos\\",
    \\"dmUuid\\": \\"LVM-jQnkXE3kiGdAhzhslCt2nmLZEO3Bq2Y5RneBEC5y8iJpLzpOyt1GsL6eva0iPk3f\\",
    \\"mdUuid\\": null
  }
}"
`;
